Archive member included because of file (symbol)

C:\fehqt\Proteus/EWL/lib/armv7e-m\libc.a(sprintf.o)
                              Libraries\FEHLCD.o (sprintf)
C:\fehqt\Proteus/EWL/lib/armv7e-m\libc.a(vsnprintf.o)
                              C:\fehqt\Proteus/EWL/lib/armv7e-m\libc.a(sprintf.o) (vsnprintf)
C:\fehqt\Proteus/EWL/lib/armv7e-m\libc.a(vsscanf.o)
                              Libraries\FEHSD.o (vsscanf)
C:\fehqt\Proteus/EWL/lib/armv7e-m\libc.a(exit.o)
                              Startup\__arm_start.o (exit)
C:\fehqt\Proteus/EWL/lib/armv7e-m\libc.a(memcpy.o)
                              C:\fehqt\Proteus/EWL/lib/armv7e-m\libc.a(vsnprintf.o) (memcpy)
C:\fehqt\Proteus/EWL/lib/armv7e-m\libc.a(memset.o)
                              Startup\__arm_start.o (memset)
C:\fehqt\Proteus/EWL/lib/armv7e-m\libc.a(strcmp.o)
                              Libraries\FEHLCD.o (strcmp)
C:\fehqt\Proteus/EWL/lib/armv7e-m\libc.a(strcpy.o)
                              Libraries\FEHLCD.o (strcpy)
C:\fehqt\Proteus/EWL/lib/armv7e-m\libc.a(strlen.o)
                              Libraries\FEHLCD.o (strlen)
C:\fehqt\Proteus/EWL/lib/armv7e-m\libc.a(printformat_.o)
                              (__pformatter_)
C:\fehqt\Proteus/EWL/lib/armv7e-m\libc.a(scanformat_.o)
                              (__sformatter)
C:\fehqt\Proteus/EWL/lib/armv7e-m\libc.a(ctype_aeabi.o)
                              C:\fehqt\Proteus/EWL/lib/armv7e-m\libc.a(scanformat_.o) (isspace)
C:\fehqt\Proteus/EWL/lib/armv7e-m\libc.a(__strtoul.o)
                              C:\fehqt\Proteus/EWL/lib/armv7e-m\libc.a(scanformat_.o) (__strtoul)
C:\fehqt\Proteus/EWL/lib/armv7e-m\libc.a(__filll_mem.o)
                              C:\fehqt\Proteus/EWL/lib/armv7e-m\libc.a(memset.o) (__fill_mem)
C:\fehqt\Proteus/EWL/lib/armv7e-m\libc.a(memchr.o)
                              C:\fehqt\Proteus/EWL/lib/armv7e-m\libc.a(printformat_.o) (memchr)
C:\fehqt\Proteus/EWL/lib/armv7e-m\libc.a(strchr.o)
                              C:\fehqt\Proteus/EWL/lib/armv7e-m\libc.a(printformat_.o) (strchr)
c:/fehqt/proteus/gcc/bin/../lib/gcc/arm-none-eabi/4.6.2/armv7e-m\libgcc.a(_arm_addsubdf3.o)
                              ..\main.o (__aeabi_dsub)
c:/fehqt/proteus/gcc/bin/../lib/gcc/arm-none-eabi/4.6.2/armv7e-m\libgcc.a(_arm_muldivdf3.o)
                              ..\main.o (__aeabi_dmul)
c:/fehqt/proteus/gcc/bin/../lib/gcc/arm-none-eabi/4.6.2/armv7e-m\libgcc.a(_arm_cmpdf2.o)
                              ..\main.o (__aeabi_dcmpeq)
c:/fehqt/proteus/gcc/bin/../lib/gcc/arm-none-eabi/4.6.2/armv7e-m\libgcc.a(_arm_fixdfsi.o)
                              ..\main.o (__aeabi_d2iz)
c:/fehqt/proteus/gcc/bin/../lib/gcc/arm-none-eabi/4.6.2/armv7e-m\libgcc.a(_arm_fixunsdfsi.o)
                              Libraries\FEHUtility.o (__aeabi_d2uiz)
c:/fehqt/proteus/gcc/bin/../lib/gcc/arm-none-eabi/4.6.2/armv7e-m\libgcc.a(_arm_truncdfsf2.o)
                              ..\main.o (__aeabi_d2f)
c:/fehqt/proteus/gcc/bin/../lib/gcc/arm-none-eabi/4.6.2/armv7e-m\libgcc.a(_arm_addsubsf3.o)
                              ..\main.o (__aeabi_fsub)
c:/fehqt/proteus/gcc/bin/../lib/gcc/arm-none-eabi/4.6.2/armv7e-m\libgcc.a(_arm_muldivsf3.o)
                              ..\main.o (__aeabi_fmul)
c:/fehqt/proteus/gcc/bin/../lib/gcc/arm-none-eabi/4.6.2/armv7e-m\libgcc.a(_arm_cmpsf2.o)
                              ..\main.o (__aeabi_fcmpeq)
c:/fehqt/proteus/gcc/bin/../lib/gcc/arm-none-eabi/4.6.2/armv7e-m\libgcc.a(_arm_fixsfsi.o)
                              ..\main.o (__aeabi_f2iz)
c:/fehqt/proteus/gcc/bin/../lib/gcc/arm-none-eabi/4.6.2/armv7e-m\libgcc.a(_arm_fixunssfsi.o)
                              Drivers\mcg.o (__aeabi_f2uiz)
C:\fehqt\Proteus/EWL/lib/armv7e-m\librt.a(gcc_ctor_dtor.o)
                              Startup\__arm_start.o (__init_cpp)
C:\fehqt\Proteus/EWL/lib/armv7e-m\librt.a(ROMCopy.o)
                              Startup\__arm_start.o (__copy_rom_sections_to_ram)
C:\fehqt\Proteus/EWL/lib/armv7e-m\librt.a(__arm_eabi_init.o)
                              C:\fehqt\Proteus/EWL/lib/armv7e-m\libc.a(exit.o) (__destroy_global_chain)
C:\fehqt\Proteus/EWL/lib/armv7e-m\librt.a(New.o)
                              Libraries\FEHIO.o (operator new(unsigned int))
c:/fehqt/proteus/gcc/bin/../lib/gcc/arm-none-eabi/4.6.2/../../../../arm-none-eabi/lib/armv7e-m\libsupc++.a(class_type_info.o)
                              C:\fehqt\Proteus/EWL/lib/armv7e-m\librt.a(New.o) (vtable for __cxxabiv1::__class_type_info)
c:/fehqt/proteus/gcc/bin/../lib/gcc/arm-none-eabi/4.6.2/../../../../arm-none-eabi/lib/armv7e-m\libsupc++.a(eh_alloc.o)
                              C:\fehqt\Proteus/EWL/lib/armv7e-m\librt.a(New.o) (__cxa_allocate_exception)
c:/fehqt/proteus/gcc/bin/../lib/gcc/arm-none-eabi/4.6.2/../../../../arm-none-eabi/lib/armv7e-m\libsupc++.a(eh_arm.o)
                              C:\fehqt\Proteus/EWL/lib/armv7e-m\librt.a(New.o) (__cxa_end_cleanup)
[...]
Memory Configuration

Name             Origin             Length             Attributes
m_interrupts     0x0000c000         0x00000400         xr
m_cfmprotrom     0x0000c400         0x00000010         xr
m_text           0x0000c410         0x00073bf0         xr
m_data           0x1fff0400         0x0000fc00         xrw
m_data2          0x20000000         0x00010000         xrw
*default*        0x00000000         0xffffffff

Linker script and memory map

LOAD ..\main.o
LOAD Startup\__arm_start.o
LOAD Startup\__arm_end.o
LOAD Startup\kinetis_sysinit.o
LOAD Libraries\FEHMotor.o
LOAD Drivers\mcg.o
LOAD Drivers\i2c.o
LOAD Drivers\spi.o
LOAD Drivers\uart.o
LOAD Drivers\ff.o
LOAD Drivers\SDHC.o
LOAD Drivers\lptmr.o
LOAD FEHProteus.o
LOAD Drivers\FEHPropeller.o
LOAD Libraries\FEHUtility.o
LOAD Libraries\FEHIO.o
LOAD Drivers\adc16.o
LOAD Libraries\FEHBuzzer.o
LOAD Libraries\FEHServo.o
LOAD Libraries\FEHLCD.o
LOAD Libraries\FEHAccel.o
LOAD Libraries\FEHBattery.o
LOAD Drivers\FEHXBee.o
LOAD Libraries\FEHRPS.o
LOAD Libraries\FEHSD.o
                0x00018050                __pformatter = __pformatter_
                [0x00018448]                __sformatter = __sformatter
LOAD C:\fehqt\Proteus/EWL/lib/armv7e-m\libstdc++.a
LOAD C:\fehqt\Proteus/EWL/lib/armv7e-m\libm.a
START GROUP
LOAD C:\fehqt\Proteus/EWL/lib/armv7e-m\libc.a
LOAD C:\fehqt\Proteus/EWL/lib/armv7e-m\libc++.a
LOAD C:\fehqt\Proteus/EWL/lib/armv7e-m\libm.a
LOAD c:/fehqt/proteus/gcc/bin/../lib/gcc/arm-none-eabi/4.6.2/armv7e-m\libgcc.a
LOAD C:\fehqt\Proteus/EWL/lib/armv7e-m\librt.a
LOAD c:/fehqt/proteus/gcc/bin/../lib/gcc/arm-none-eabi/4.6.2/../../../../arm-none-eabi/lib/armv7e-m\libsupc++.a
END GROUP
                0x20000000                _estack = 0x20000000
                0x20000000                __SP_INIT = _estack
                0x00000800                __heap_size = 0x800
                0x00000800                __stack_size = 0x800

.interrupts     0x0000c000      0x1e0
                0x0000c000                __vector_table = .
                0x0000c000                . = ALIGN (0x4)
 *(.vectortable)
 .vectortable   0x0000c000      0x1e0 Startup\kinetis_sysinit.o
                0x0000c1e0                . = ALIGN (0x4)

.cfmprotect     0x0000c400        0x0
                0x0000c400                . = ALIGN (0x4)
 *(.cfmconfig)
                0x0000c400                . = ALIGN (0x4)

.text           0x0000c410     0xd250
                0x0000c410                . = ALIGN (0x4)
 *(.text)
 .text          0x0000c410      0x370 c:/fehqt/proteus/gcc/bin/../lib/gcc/arm-none-eabi/4.6.2/armv7e-m\libgcc.a(_arm_addsubdf3.o)
                0x0000c410                __aeabi_drsub
                0x0000c418                __aeabi_dsub
                0x0000c418                __subdf3
                0x0000c41c                __aeabi_dadd
                0x0000c41c                __adddf3
                0x0000c694                __floatunsidf
                0x0000c694                __aeabi_ui2d
                0x0000c6b4                __floatsidf
                0x0000c6b4                __aeabi_i2d
                0x0000c6d8                __aeabi_f2d
                0x0000c6d8                __extendsfdf2
                0x0000c714                __floatundidf
                0x0000c714                __aeabi_ul2d
                0x0000c724                __floatdidf
                0x0000c724                __aeabi_l2d
 .text          0x0000c780      0x424 c:/fehqt/proteus/gcc/bin/../lib/gcc/arm-none-eabi/4.6.2/armv7e-m\libgcc.a(_arm_muldivdf3.o)
                0x0000c780                __aeabi_dmul
                0x0000c780                __muldf3
                0x0000c9d4                __divdf3
                0x0000c9d4                __aeabi_ddiv
 .text          0x0000cba4      0x110 c:/fehqt/proteus/gcc/bin/../lib/gcc/arm-none-eabi/4.6.2/armv7e-m\libgcc.a(_arm_cmpdf2.o)
                0x0000cba4                __gtdf2
                0x0000cba4                __gedf2
                0x0000cbac                __ltdf2
                0x0000cbac                __ledf2
                0x0000cbb4                __nedf2
                0x0000cbb4                __eqdf2
                0x0000cbb4                __cmpdf2
                0x0000cc30                __aeabi_cdrcmple
                0x0000cc40                __aeabi_cdcmpeq
                0x0000cc40                __aeabi_cdcmple
                0x0000cc50                __aeabi_dcmpeq
                0x0000cc64                __aeabi_dcmplt
                0x0000cc78                __aeabi_dcmple
                0x0000cc8c                __aeabi_dcmpge
                0x0000cca0                __aeabi_dcmpgt
 .text          0x0000ccb4       0x50 c:/fehqt/proteus/gcc/bin/../lib/gcc/arm-none-eabi/4.6.2/armv7e-m\libgcc.a(_arm_fixdfsi.o)
                0x0000ccb4                __aeabi_d2iz
                0x0000ccb4                __fixdfsi
 .text          0x0000cd04       0x40 c:/fehqt/proteus/gcc/bin/../lib/gcc/arm-none-eabi/4.6.2/armv7e-m\libgcc.a(_arm_fixunsdfsi.o)
                0x0000cd04                __aeabi_d2uiz
                0x0000cd04                __fixunsdfsi
 .text          0x0000cd44       0xa0 c:/fehqt/proteus/gcc/bin/../lib/gcc/arm-none-eabi/4.6.2/armv7e-m\libgcc.a(_arm_truncdfsf2.o)
                0x0000cd44                __truncdfsf2
                0x0000cd44                __aeabi_d2f
 .text          0x0000cde4      0x21c c:/fehqt/proteus/gcc/bin/../lib/gcc/arm-none-eabi/4.6.2/armv7e-m\libgcc.a(_arm_addsubsf3.o)
                0x0000cde4                __aeabi_frsub
                0x0000cdec                __subsf3
                0x0000cdec                __aeabi_fsub
                0x0000cdf0                __aeabi_fadd
                0x0000cdf0                __addsf3
                0x0000cf50                __aeabi_ui2f
                0x0000cf50                __floatunsisf
                0x0000cf58                __aeabi_i2f
                0x0000cf58                __floatsisf
                0x0000cf74                __aeabi_ul2f
                0x0000cf74                __floatundisf
                0x0000cf84                __aeabi_l2f
                0x0000cf84                __floatdisf
 .text          0x0000d000      0x2a0 c:/fehqt/proteus/gcc/bin/../lib/gcc/arm-none-eabi/4.6.2/armv7e-m\libgcc.a(_arm_muldivsf3.o)
                0x0000d000                __mulsf3
                0x0000d000                __aeabi_fmul
                0x0000d168                __aeabi_fdiv
                0x0000d168                __divsf3
 .text          0x0000d2a0       0xec c:/fehqt/proteus/gcc/bin/../lib/gcc/arm-none-eabi/4.6.2/armv7e-m\libgcc.a(_arm_cmpsf2.o)
                0x0000d2a0                __gesf2
                0x0000d2a0                __gtsf2
                0x0000d2a8                __lesf2
                0x0000d2a8                __ltsf2
                0x0000d2b0                __nesf2
                0x0000d2b0                __eqsf2
                0x0000d2b0                __cmpsf2
                0x0000d310                __aeabi_cfrcmple
                0x0000d318                __aeabi_cfcmpeq
                0x0000d318                __aeabi_cfcmple
                0x0000d328                __aeabi_fcmpeq
                0x0000d33c                __aeabi_fcmplt
                0x0000d350                __aeabi_fcmple
                0x0000d364                __aeabi_fcmpge
                0x0000d378                __aeabi_fcmpgt
 .text          0x0000d38c       0x4c c:/fehqt/proteus/gcc/bin/../lib/gcc/arm-none-eabi/4.6.2/armv7e-m\libgcc.a(_arm_fixsfsi.o)
                0x0000d38c                __aeabi_f2iz
                0x0000d38c                __fixsfsi
 *(.text*)
 .text._ZSt4fabsf
                0x0000d3d8       0x1c ..\main.o
                0x0000d3d8                std::fabs(float)
 .text._Z11resetCountsv
                0x0000d3f4       0x20 ..\main.o
                0x0000d3f4                resetCounts()
 .text._Z11writeScreen4data
                0x0000d414      0x1ec ..\main.o
                0x0000d414                writeScreen(data)
 .text._Z6upRampv
                0x0000d600       0x78 ..\main.o
                0x0000d600                upRamp()
 .text._Z21driveStraightDistancedi
                0x0000d678      0x348 ..\main.o
                0x0000d678                driveStraightDistance(double, int)
 .text._Z3CDSv  0x0000d9c0       0x60 ..\main.o
                0x0000d9c0                CDS()
 .text._Z8turnBothf
                0x0000da20      0x1e0 ..\main.o
                0x0000da20                turnBoth(float)
 .text._Z9turnRightf
                0x0000dc00      0x1e8 ..\main.o
                0x0000dc00                turnRight(float)
 .text._Z8turnLeftf
                0x0000dde8      0x1e8 ..\main.o
                0x0000dde8                turnLeft(float)
 .text._Z12turnRightRPSf
                0x0000dfd0      0x2e8 ..\main.o
                0x0000dfd0                turnRightRPS(float)
 .text._Z10initializev
                0x0000e2b8      0x470 ..\main.o
                0x0000e2b8                initialize()
 .text._Z9rotateRPSff
                0x0000e728      0x530 ..\main.o
                0x0000e728                rotateRPS(float, float)
 .text._Z6DDRRPSv
                0x0000ec58      0x294 ..\main.o
                0x0000ec58                DDRRPS()
 .text._Z4bluev
                0x0000eeec       0x50 ..\main.o
                0x0000eeec                blue()
 *fill*         0x0000ef3c        0x4 00
 .text._Z3redv  0x0000ef40       0xb0 ..\main.o
                0x0000ef40                red()
 .text._Z13stuckInCornerv
                0x0000eff0       0x24 ..\main.o
                0x0000eff0                stuckInCorner()
 *fill*         0x0000f014        0x4 00
 .text.main     0x0000f018      0x528 ..\main.o
                0x0000f018                main
 .text._Z41__static_initialization_and_destruction_0ii
                0x0000f540       0x9c ..\main.o
 .text._GLOBAL__sub_I_cds
                0x0000f5dc       0x14 ..\main.o
 .text.zero_fill_bss
                0x0000f5f0       0x34 Startup\__arm_start.o
 .text.__thumb_startup
                0x0000f624       0x34 Startup\__arm_start.o
                0x0000f624                __thumb_startup
 .text.InitFEHProteus
                0x0000f658      0x15c Startup\__arm_start.o
                0x0000f658                InitFEHProteus
 .text.pll_init_bl
                0x0000f7b4      0x130 Startup\__arm_start.o
 .text.InitPowerButton
                0x0000f8e4       0x90 Startup\__arm_start.o
                0x0000f8e4                InitPowerButton
 .text._ExitProcess
                0x0000f974        0xc Startup\__arm_end.o
                0x0000f974                _ExitProcess
 .text.Default_Handler
                0x0000f980        0xc Startup\kinetis_sysinit.o
                0x0000f980                BusFault_Handler()
                0x0000f980                HardFault_Handler()
                0x0000f980                SysTick_Handler()
                0x0000f980                PendSV_Handler()
                0x0000f980                DebugMonitor_Handler()
                0x0000f980                MemManage_Handler()
                0x0000f980                NMI_Handler()
                0x0000f980                SVC_Handler()
                0x0000f980                Default_Handler
                0x0000f980                UsageFault_Handler()
 .text.__init_hardware
                0x0000f98c       0x44 Startup\kinetis_sysinit.o
                0x0000f98c                __init_hardware
 .text._Z8PortDISRv
                0x0000f9d0       0x64 Startup\kinetis_sysinit.o
                0x0000f9d0                PortDISR()
 *fill*         0x0000fa34        0x4 00
 .text._ZN8FEHMotorC2ENS_12FEHMotorPortEf
                0x0000fa38       0xb0 Libraries\FEHMotor.o
                0x0000fa38                FEHMotor::FEHMotor(FEHMotor::FEHMotorPort, float)
                0x0000fa38                FEHMotor::FEHMotor(FEHMotor::FEHMotorPort, float)
 .text._ZN8FEHMotor4StopEv
                0x0000fae8       0x3c Libraries\FEHMotor.o
                0x0000fae8                FEHMotor::Stop()
 .text._ZN8FEHMotor8SetPowerEi
                0x0000fb24       0x60 Libraries\FEHMotor.o
                0x0000fb24                FEHMotor::SetPower(int)
 *fill*         0x0000fb84        0x4 00
 .text._ZN8FEHMotor10SetPercentEf
                0x0000fb88      0x158 Libraries\FEHMotor.o
                0x0000fb88                FEHMotor::SetPercent(float)
 .text._Z21IIC_StartTransmissionhh
                0x0000fce0       0x98 Drivers\i2c.o
                0x0000fce0                IIC_StartTransmission(unsigned char, unsigned char)
 .text._Z5Pausev
                0x0000fd78       0x34 Drivers\i2c.o
                0x0000fd78                Pause()
 .text._Z21MMA8451QWriteRegisterhh
                0x0000fdac      0x12c Drivers\i2c.o
                0x0000fdac                MMA8451QWriteRegister(unsigned char, unsigned char)
 .text._Z12SPI_SendCharh
                0x0000fed8       0x1c Drivers\spi.o
                0x0000fed8                SPI_SendChar(unsigned char)
 .text._Z16SPI_WriteCommandhh
                0x0000fef4       0x34 Drivers\spi.o
                0x0000fef4                SPI_WriteCommand(unsigned char, unsigned char)
 .text._Z11SPI_GetCharv
                0x0000ff28       0x14 Drivers\spi.o
                0x0000ff28                SPI_GetChar()
 .text._Z15SPI_ReadCommandh
                0x0000ff3c       0x3c Drivers\spi.o
                0x0000ff3c                SPI_ReadCommand(unsigned char)
 .text._Z13SPI_CS_Assertv
                0x0000ff78       0x24 Drivers\spi.o
                0x0000ff78                SPI_CS_Assert()
 .text._Z15SPI_CS_Deassertv
                0x0000ff9c       0x24 Drivers\spi.o
                0x0000ff9c                SPI_CS_Deassert()
 .text._Z12SPI_Transferh
                0x0000ffc0       0x88 Drivers\spi.o
                0x0000ffc0                SPI_Transfer(unsigned char)
 .text._Z8SPI_Initv
                0x00010048       0xe8 Drivers\spi.o
                0x00010048                SPI_Init()
 .text._Z9uart_initPV11UART_MemMapii
                0x00010130      0x20c Drivers\uart.o
                0x00010130                uart_init(UART_MemMap volatile*, int, int)
 .text._Z12uart_getcharPV11UART_MemMap
                0x0001033c       0x34 Drivers\uart.o
                0x0001033c                uart_getchar(UART_MemMap volatile*)
 .text._Z12uart_putcharPV11UART_MemMapc
                0x00010370       0x38 Drivers\uart.o
                0x00010370                uart_putchar(UART_MemMap volatile*, char)
 .text._ZL7mem_setPvij
                0x000103a8       0x44 Drivers\ff.o
 .text._ZL11move_windowP5FATFSm
                0x000103ec       0xf0 Drivers\ff.o
 .text._ZL4syncP5FATFS
                0x000104dc      0x188 Drivers\ff.o
 .text._ZL8validateP5FATFSt
                0x00010664       0x54 Drivers\ff.o
 .text._Z6f_syncP3FIL
                0x000106b8      0x1c0 Drivers\ff.o
                0x000106b8                f_sync(FIL*)
 .text._Z7f_closeP3FIL
                0x00010878       0x2c Drivers\ff.o
                0x00010878                f_close(FIL*)
 .text._ZL17SDHC_set_baudratemm
                0x000108a4      0x14c Drivers\SDHC.o
 .text._Z9SDHC_initP17esdhc_info_structPK17esdhc_init_struct
                0x000109f0      0x1c4 Drivers\SDHC.o
                0x000109f0                SDHC_init(esdhc_info_struct*, esdhc_init_struct const*)
 .text._ZL15SDHC_is_runningv
                0x00010bb4       0x28 Drivers\SDHC.o
 .text._ZL16SDHC_status_waitm
                0x00010bdc       0x38 Drivers\SDHC.o
 .text._ZL17SDHC_send_commandP20esdhc_command_struct
                0x00010c14      0x2a0 Drivers\SDHC.o
 .text._Z10SDHC_ioctlmPv
                0x00010eb4      0x978 Drivers\SDHC.o
                0x00010eb4                SDHC_ioctl(unsigned long, void*)
 .text._ZL14rcvr_datablockPhm
                0x0001182c      0x134 Drivers\SDHC.o
 .text._Z9disk_readhPhmh
                0x00011960      0x13c Drivers\SDHC.o
                0x00011960                disk_read(unsigned char, unsigned char*, unsigned long, unsigned char)
 .text._ZL14xmit_datablockPKhm
                0x00011a9c       0xe0 Drivers\SDHC.o
 .text._Z10disk_writehPKhmh
                0x00011b7c      0x1cc Drivers\SDHC.o
                0x00011b7c                disk_write(unsigned char, unsigned char const*, unsigned long, unsigned char)
 .text._Z10disk_ioctlhhPv
                0x00011d48      0x128 Drivers\SDHC.o
                0x00011d48                disk_ioctl(unsigned char, unsigned char, void*)
 .text._Z11disk_statush
                0x00011e70       0x30 Drivers\SDHC.o
                0x00011e70                disk_status(unsigned char)
 .text._Z13time_delay_msm
                0x00011ea0       0xa4 Drivers\lptmr.o
                0x00011ea0                time_delay_ms(unsigned long)
 .text._Z41__static_initialization_and_destruction_0ii
                0x00011f44       0x30 FEHProteus.o
 .text._GLOBAL__sub_I_Propeller
                0x00011f74       0x14 FEHProteus.o
 .text._ZN12FEHPropellerC2Ev
                0x00011f88       0x20 Drivers\FEHPropeller.o
                0x00011f88                FEHPropeller::FEHPropeller()
                0x00011f88                FEHPropeller::FEHPropeller()
 .text._ZN12FEHPropeller10InitializeEv
                0x00011fa8       0x94 Drivers\FEHPropeller.o
                0x00011fa8                FEHPropeller::Initialize()
 .text._ZN12FEHPropeller12SetMotorRateEhhh
                0x0001203c       0x78 Drivers\FEHPropeller.o
                0x0001203c                FEHPropeller::SetMotorRate(unsigned char, unsigned char, unsigned char)
 .text._ZL5Delaymjj
                0x000120b4       0xc4 Libraries\FEHUtility.o
 .text._Z5Sleepi
                0x00012178       0x34 Libraries\FEHUtility.o
                0x00012178                Sleep(int)
 *fill*         0x000121ac        0x4 00
 .text._Z5Sleepd
                0x000121b0       0x58 Libraries\FEHUtility.o
                0x000121b0                Sleep(double)
 .text._Z7TimeNowv
                0x00012208       0x70 Libraries\FEHUtility.o
                0x00012208                TimeNow()
 .text._Z11TimeNowMSecv
                0x00012278       0x44 Libraries\FEHUtility.o
                0x00012278                TimeNowMSec()
 .text._ZN14DigitalEncoderC2EN5FEHIO8FEHIOPinE
                0x000122bc       0x2c Libraries\FEHIO.o
                0x000122bc                DigitalEncoder::DigitalEncoder(FEHIO::FEHIOPin)
                0x000122bc                DigitalEncoder::DigitalEncoder(FEHIO::FEHIOPin)
 .text._Z10enable_irqi
                0x000122e8      0x1cc Libraries\FEHIO.o
                0x000122e8                enable_irq(int)
 .text._ZN14DigitalEncoder10InitializeEN5FEHIO8FEHIOPinENS0_21FEHIOInterruptTriggerE
                0x000124b4      0x224 Libraries\FEHIO.o
                0x000124b4                DigitalEncoder::Initialize(FEHIO::FEHIOPin, FEHIO::FEHIOInterruptTrigger)
 .text._Z9portB_isrv
                0x000126d8       0xd4 Libraries\FEHIO.o
                0x000126d8                portB_isr()
 .text._Z9portC_isrv
                0x000127ac       0xd8 Libraries\FEHIO.o
                0x000127ac                portC_isr()
 .text._Z9portA_isrv
                0x00012884       0xd8 Libraries\FEHIO.o
                0x00012884                portA_isr()
 .text._Z9portE_isrv
                0x0001295c       0xd0 Libraries\FEHIO.o
                0x0001295c                portE_isr()
 .text._ZN14DigitalEncoder6CountsEv
                0x00012a2c       0x28 Libraries\FEHIO.o
                0x00012a2c                DigitalEncoder::Counts()
 .text._ZN14DigitalEncoder11ResetCountsEv
                0x00012a54       0x28 Libraries\FEHIO.o
                0x00012a54                DigitalEncoder::ResetCounts()
 .text._ZN14AnalogInputPinC2EN5FEHIO8FEHIOPinE
                0x00012a7c       0x20 Libraries\FEHIO.o
                0x00012a7c                AnalogInputPin::AnalogInputPin(FEHIO::FEHIOPin)
                0x00012a7c                AnalogInputPin::AnalogInputPin(FEHIO::FEHIOPin)
 *fill*         0x00012a9c        0x4 00
 .text._ZN14AnalogInputPin5ValueEv
                0x00012aa0      0x180 Libraries\FEHIO.o
                0x00012aa0                AnalogInputPin::Value()
 .text._ZN13AnalogEncoder12EncoderValueEv
                0x00012c20       0xe4 Libraries\FEHIO.o
                0x00012c20                AnalogEncoder::EncoderValue()
 .text._ZN14AnalogInputPin8InitADCsEv
                0x00012d04      0x120 Libraries\FEHIO.o
                0x00012d04                AnalogInputPin::InitADCs()
 .text._Z8pit0_isrv
                0x00012e24       0x34 Libraries\FEHIO.o
                0x00012e24                pit0_isr()
 .text._ZN13AnalogEncoder4InitEv
                0x00012e58       0x64 Libraries\FEHIO.o
                0x00012e58                AnalogEncoder::Init()
 .text._ZN13AnalogEncoder14SetCounterInitEj
                0x00012ebc       0x20 Libraries\FEHIO.o
                0x00012ebc                AnalogEncoder::SetCounterInit(unsigned int)
 .text._ZN13AnalogEncoder10ProcessIntEv
                0x00012edc       0x80 Libraries\FEHIO.o
                0x00012edc                AnalogEncoder::ProcessInt()
 .text._ZN13AnalogEncoder14ProcessIntSelfEv
                0x00012f5c       0x80 Libraries\FEHIO.o
                0x00012f5c                AnalogEncoder::ProcessIntSelf()
 .text._Z7ADC_CalPV10ADC_MemMap
                0x00012fdc      0x14c Drivers\adc16.o
                0x00012fdc                ADC_Cal(ADC_MemMap volatile*)
 .text._Z14ADC_Config_AltPV10ADC_MemMapP7adc_cfg
                0x00013128       0x6c Drivers\adc16.o
                0x00013128                ADC_Config_Alt(ADC_MemMap volatile*, adc_cfg*)
 .text._ZN9FEHBuzzerC2Ev
                0x00013194       0x18 Libraries\FEHBuzzer.o
                0x00013194                FEHBuzzer::FEHBuzzer()
                0x00013194                FEHBuzzer::FEHBuzzer()
 .text._Z41__static_initialization_and_destruction_0ii
                0x000131ac       0x30 Libraries\FEHBuzzer.o
 .text._GLOBAL__sub_I_Buzzer
                0x000131dc       0x14 Libraries\FEHBuzzer.o
 .text._ZN8FEHServoC2ENS_12FEHServoPortE
                0x000131f0       0x3c Libraries\FEHServo.o
                0x000131f0                FEHServo::FEHServo(FEHServo::FEHServoPort)
                0x000131f0                FEHServo::FEHServo(FEHServo::FEHServoPort)
 .text._ZN8FEHServo6SetMinEi
                0x0001322c       0x3c Libraries\FEHServo.o
                0x0001322c                FEHServo::SetMin(int)
 .text._ZN8FEHServo6SetMaxEi
                0x00013268       0x3c Libraries\FEHServo.o
                0x00013268                FEHServo::SetMax(int)
 *fill*         0x000132a4        0x4 00
 .text._ZN8FEHServo9SetDegreeEf
                0x000132a8      0x148 Libraries\FEHServo.o
                0x000132a8                FEHServo::SetDegree(float)
 .text._ZN6FEHLCD11_InitializeEv
                0x000133f0      0x5dc Libraries\FEHLCD.o
                0x000133f0                FEHLCD::_Initialize()
 .text._ZN6FEHLCDC2Ev
                0x000139cc       0x64 Libraries\FEHLCD.o
                0x000139cc                FEHLCD::FEHLCD()
                0x000139cc                FEHLCD::FEHLCD()
 .text._ZN6FEHLCD10InitializeEv
                0x00013a30       0x38 Libraries\FEHLCD.o
                0x00013a30                FEHLCD::Initialize()
 .text._ZN6FEHLCD10PrintImageEii
                0x00013a68      0x100 Libraries\FEHLCD.o
                0x00013a68                FEHLCD::PrintImage(int, int)
 .text._ZN6FEHLCD9PrintLogoEii
                0x00013b68      0x100 Libraries\FEHLCD.o
                0x00013b68                FEHLCD::PrintLogo(int, int)
 .text._ZN6FEHLCD22ConvertFEHColorTo24BitENS_11FEHLCDColorE
                0x00013c68       0x80 Libraries\FEHLCD.o
                0x00013c68                FEHLCD::ConvertFEHColorTo24Bit(FEHLCD::FEHLCDColor)
 .text._ZN6FEHLCD24Convert24BitColorTo16BitEj
                0x00013ce8       0x40 Libraries\FEHLCD.o
                0x00013ce8                FEHLCD::Convert24BitColorTo16Bit(unsigned int)
 .text._ZN6FEHLCD22ConvertRGBColorTo16BitEhhh
                0x00013d28       0x44 Libraries\FEHLCD.o
                0x00013d28                FEHLCD::ConvertRGBColorTo16Bit(unsigned char, unsigned char, unsigned char)
 .text._ZN6FEHLCD5ClearENS_11FEHLCDColorE
                0x00013d6c       0x28 Libraries\FEHLCD.o
                0x00013d6c                FEHLCD::Clear(FEHLCD::FEHLCDColor)
 .text._ZN6FEHLCD5ClearEj
                0x00013d94       0x2c Libraries\FEHLCD.o
                0x00013d94                FEHLCD::Clear(unsigned int)
 .text._ZN6FEHLCD5ClearEv
                0x00013dc0       0x18 Libraries\FEHLCD.o
                0x00013dc0                FEHLCD::Clear()
 .text._ZN6FEHLCD18SetBackgroundColorENS_11FEHLCDColorE
                0x00013dd8       0x28 Libraries\FEHLCD.o
                0x00013dd8                FEHLCD::SetBackgroundColor(FEHLCD::FEHLCDColor)
 .text._ZN6FEHLCD18SetBackgroundColorEj
                0x00013e00       0x28 Libraries\FEHLCD.o
                0x00013e00                FEHLCD::SetBackgroundColor(unsigned int)
 .text._ZN6FEHLCD12SetFontColorENS_11FEHLCDColorE
                0x00013e28       0x28 Libraries\FEHLCD.o
                0x00013e28                FEHLCD::SetFontColor(FEHLCD::FEHLCDColor)
 .text._ZN6FEHLCD12SetFontColorEj
                0x00013e50       0x28 Libraries\FEHLCD.o
                0x00013e50                FEHLCD::SetFontColor(unsigned int)
 .text._ZN6FEHLCD7WriteAtEPKcii
                0x00013e78       0x58 Libraries\FEHLCD.o
                0x00013e78                FEHLCD::WriteAt(char const*, int, int)
 .text._ZN6FEHLCD7WriteAtEiii
                0x00013ed0       0x3c Libraries\FEHLCD.o
                0x00013ed0                FEHLCD::WriteAt(int, int, int)
 .text._ZN6FEHLCD7WriteAtEfii
                0x00013f0c       0xf8 Libraries\FEHLCD.o
                0x00013f0c                FEHLCD::WriteAt(float, int, int)
 .text._ZN6FEHLCD7WriteAtEdii
                0x00014004       0x2c Libraries\FEHLCD.o
                0x00014004                FEHLCD::WriteAt(double, int, int)
 .text._ZN6FEHLCD11TS_SPI_InitEv
                0x00014030       0xa8 Libraries\FEHLCD.o
                0x00014030                FEHLCD::TS_SPI_Init()
 .text._ZN6FEHLCD5TouchEPfS0_
                0x000140d8      0x240 Libraries\FEHLCD.o
                0x000140d8                FEHLCD::Touch(float*, float*)
 .text._ZN6FEHLCD3absEi
                0x00014318       0x28 Libraries\FEHLCD.o
                0x00014318                FEHLCD::abs(int)
 .text._ZN6FEHLCD7WriteRCEPKcii
                0x00014340       0x40 Libraries\FEHLCD.o
                0x00014340                FEHLCD::WriteRC(char const*, int, int)
 .text._ZN6FEHLCD7WriteRCEiii
                0x00014380       0x40 Libraries\FEHLCD.o
                0x00014380                FEHLCD::WriteRC(int, int, int)
 .text._ZN6FEHLCD7WriteRCEfii
                0x000143c0       0x40 Libraries\FEHLCD.o
                0x000143c0                FEHLCD::WriteRC(float, int, int)
 .text._ZN6FEHLCD7WriteRCEdii
                0x00014400       0x44 Libraries\FEHLCD.o
                0x00014400                FEHLCD::WriteRC(double, int, int)
 .text._ZN6FEHLCD5WriteEPKc
                0x00014444       0x5c Libraries\FEHLCD.o
                0x00014444                FEHLCD::Write(char const*)
 .text._ZN6FEHLCD5WriteEc
                0x000144a0       0x30 Libraries\FEHLCD.o
                0x000144a0                FEHLCD::Write(char)
 .text._ZN6FEHLCD9WriteLineEPKc
                0x000144d0       0x28 Libraries\FEHLCD.o
                0x000144d0                FEHLCD::WriteLine(char const*)
 .text._ZN6FEHLCD9WriteLineEc
                0x000144f8       0x2c Libraries\FEHLCD.o
                0x000144f8                FEHLCD::WriteLine(char)
 .text._ZN6FEHLCD10WriteIndexEh
                0x00014524      0x288 Libraries\FEHLCD.o
                0x00014524                FEHLCD::WriteIndex(unsigned char)
 .text._ZN6FEHLCD14WriteParameterEh
                0x000147ac      0x254 Libraries\FEHLCD.o
                0x000147ac                FEHLCD::WriteParameter(unsigned char)
 .text._ZN6FEHLCD6_ClearEv
                0x00014a00      0x228 Libraries\FEHLCD.o
                0x00014a00                FEHLCD::_Clear()
 .text._ZN6FEHLCD8NextLineEv
                0x00014c28       0x30 Libraries\FEHLCD.o
                0x00014c28                FEHLCD::NextLine()
 .text._ZN6FEHLCD9CheckLineEv
                0x00014c58       0x2c Libraries\FEHLCD.o
                0x00014c58                FEHLCD::CheckLine()
 .text._ZN6FEHLCD8NextCharEv
                0x00014c84       0x34 Libraries\FEHLCD.o
                0x00014c84                FEHLCD::NextChar()
 .text._ZN6FEHLCD9DrawPixelEii
                0x00014cb8       0x30 Libraries\FEHLCD.o
                0x00014cb8                FEHLCD::DrawPixel(int, int)
 .text._Z4SwapRiS_
                0x00014ce8       0x28 Libraries\FEHLCD.o
                0x00014ce8                Swap(int&, int&)
 .text._ZN6FEHLCD13DrawRectangleEiiii
                0x00014d10       0x80 Libraries\FEHLCD.o
                0x00014d10                FEHLCD::DrawRectangle(int, int, int, int)
 .text._ZN6FEHLCD13SetDrawRegionEiiii
                0x00014d90      0x10c Libraries\FEHLCD.o
                0x00014d90                FEHLCD::SetDrawRegion(int, int, int, int)
 .text._ZN6FEHLCD8DrawLineEiiii
                0x00014e9c      0x17c Libraries\FEHLCD.o
                0x00014e9c                FEHLCD::DrawLine(int, int, int, int)
 .text._ZN6FEHLCD9WriteCharEiic
                0x00015018       0x40 Libraries\FEHLCD.o
                0x00015018                FEHLCD::WriteChar(int, int, char)
 .text._ZN6FEHLCD11WriteCharAtEiic
                0x00015058      0x278 Libraries\FEHLCD.o
                0x00015058                FEHLCD::WriteCharAt(int, int, char)
 .text._ZN6FEHLCD11RepeatColorEv
                0x000152d0       0xbc Libraries\FEHLCD.o
                0x000152d0                FEHLCD::RepeatColor()
 .text._ZN6FEHLCD10_ForePixelEv
                0x0001538c      0x160 Libraries\FEHLCD.o
                0x0001538c                FEHLCD::_ForePixel()
 .text._ZN6FEHLCD10_BackPixelEv
                0x000154ec      0x160 Libraries\FEHLCD.o
                0x000154ec                FEHLCD::_BackPixel()
 .text._ZN6FEHLCD22SetRegisterColorValuesEv
                0x0001564c      0x4c0 Libraries\FEHLCD.o
                0x0001564c                FEHLCD::SetRegisterColorValues()
 .text._ZN7FEHIcon4IconC2Ev
                0x00015b0c       0x18 Libraries\FEHLCD.o
                0x00015b0c                FEHIcon::Icon::Icon()
                0x00015b0c                FEHIcon::Icon::Icon()
 .text._ZN7FEHIcon4Icon13SetPropertiesEPciiiijj
                0x00015b24       0x70 Libraries\FEHLCD.o
                0x00015b24                FEHIcon::Icon::SetProperties(char*, int, int, int, int, unsigned int, unsigned int)
 .text._ZN7FEHIcon4Icon4DrawEv
                0x00015b94       0xb0 Libraries\FEHLCD.o
                0x00015b94                FEHIcon::Icon::Draw()
 .text._ZN7FEHIcon4Icon6SelectEv
                0x00015c44       0xb8 Libraries\FEHLCD.o
                0x00015c44                FEHIcon::Icon::Select()
 .text._ZN7FEHIcon4Icon8DeselectEv
                0x00015cfc       0xb4 Libraries\FEHLCD.o
                0x00015cfc                FEHIcon::Icon::Deselect()
 .text._ZN7FEHIcon4Icon7PressedEffi
                0x00015db0      0x1dc Libraries\FEHLCD.o
                0x00015db0                FEHIcon::Icon::Pressed(float, float, int)
 .text._ZN7FEHIcon4Icon12WhilePressedEff
                0x00015f8c       0x5c Libraries\FEHLCD.o
                0x00015f8c                FEHIcon::Icon::WhilePressed(float, float)
 .text._ZN7FEHIcon13DrawIconArrayEPNS_4IconEiiiiiiPA20_cjj
                0x00015fe8      0x194 Libraries\FEHLCD.o
                0x00015fe8                FEHIcon::DrawIconArray(FEHIcon::Icon*, int, int, int, int, int, int, char (*) [20], unsigned int, unsigned int)
 .text._Z41__static_initialization_and_destruction_0ii
                0x0001617c       0x30 Libraries\FEHLCD.o
 .text._GLOBAL__sub_I_image
                0x000161ac       0x14 Libraries\FEHLCD.o
 .text._ZN8FEHAccelC2Ev
                0x000161c0       0x8c Libraries\FEHAccel.o
                0x000161c0                FEHAccel::FEHAccel()
                0x000161c0                FEHAccel::FEHAccel()
 .text._Z41__static_initialization_and_destruction_0ii
                0x0001624c       0x30 Libraries\FEHAccel.o
 .text._GLOBAL__sub_I_Accel
                0x0001627c       0x14 Libraries\FEHAccel.o
 .text._ZN10FEHBatteryC2EN5FEHIO8FEHIOPinE
                0x00016290       0x24 Libraries\FEHBattery.o
                0x00016290                FEHBattery::FEHBattery(FEHIO::FEHIOPin)
                0x00016290                FEHBattery::FEHBattery(FEHIO::FEHIOPin)
 .text._Z41__static_initialization_and_destruction_0ii
                0x000162b4       0x34 Libraries\FEHBattery.o
 .text._GLOBAL__sub_I_Battery
                0x000162e8       0x14 Libraries\FEHBattery.o
 .text._ZN7FEHXBeeC2Ev
                0x000162fc       0x20 Drivers\FEHXBee.o
                0x000162fc                FEHXBee::FEHXBee()
                0x000162fc                FEHXBee::FEHXBee()
 .text._ZN7FEHXBee10InitializeEv
                0x0001631c      0x148 Drivers\FEHXBee.o
                0x0001631c                FEHXBee::Initialize()
 .text._ZN7FEHXBee13IsInitializedEv
                0x00016464       0x18 Drivers\FEHXBee.o
                0x00016464                FEHXBee::IsInitialized()
 .text._ZN7FEHXBee17ReceiveDataSearchEPcjh
                0x0001647c       0xb4 Drivers\FEHXBee.o
                0x0001647c                FEHXBee::ReceiveDataSearch(char*, unsigned int, unsigned char)
 .text._ZN7FEHXBee8SendDataEPcj
                0x00016530       0x50 Drivers\FEHXBee.o
                0x00016530                FEHXBee::SendData(char*, unsigned int)
 .text._ZN7FEHXBee17SetPacketCallBackEPFvPhhE
                0x00016580       0x20 Drivers\FEHXBee.o
                0x00016580                FEHXBee::SetPacketCallBack(void (*)(unsigned char*, unsigned char))
 .text._Z9UART0_ISRv
                0x000165a0      0x174 Drivers\FEHXBee.o
                0x000165a0                UART0_ISR()
 .text._ZN6FEHRPSC2Ev
                0x00016714       0x88 Libraries\FEHRPS.o
                0x00016714                FEHRPS::FEHRPS()
                0x00016714                FEHRPS::FEHRPS()
 .text._ZN6FEHRPS10InitializeEi
                0x0001679c      0x994 Libraries\FEHRPS.o
                0x0001679c                FEHRPS::Initialize(int)
 .text._ZN6FEHRPS10InitializeEc
                0x00017130       0x4c Libraries\FEHRPS.o
                0x00017130                FEHRPS::Initialize(char)
 .text._ZN6FEHRPS19InitializeTouchMenuEv
                0x0001717c      0x908 Libraries\FEHRPS.o
                0x0001717c                FEHRPS::InitializeTouchMenu()
 .text._ZN6FEHRPS19CurrentRegionLetterEv
                0x00017a84       0x20 Libraries\FEHRPS.o
                0x00017a84                FEHRPS::CurrentRegionLetter()
 .text._ZN6FEHRPS13WaitForPacketEv
                0x00017aa4       0x78 Libraries\FEHRPS.o
                0x00017aa4                FEHRPS::WaitForPacket()
 .text._ZN6FEHRPS1XEv
                0x00017b1c       0x20 Libraries\FEHRPS.o
                0x00017b1c                FEHRPS::X()
 .text._ZN6FEHRPS1YEv
                0x00017b3c       0x20 Libraries\FEHRPS.o
                0x00017b3c                FEHRPS::Y()
 .text._ZN6FEHRPS7HeadingEv
                0x00017b5c       0x20 Libraries\FEHRPS.o
                0x00017b5c                FEHRPS::Heading()
 .text._Z14RPSDataProcessPhh
                0x00017b7c      0x164 Libraries\FEHRPS.o
                0x00017b7c                RPSDataProcess(unsigned char*, unsigned char)
 .text._Z41__static_initialization_and_destruction_0ii
                0x00017ce0       0x30 Libraries\FEHRPS.o
 .text._GLOBAL__sub_I_RPS
                0x00017d10       0x14 Libraries\FEHRPS.o
 .text._ZN5FEHSDC2Ev
                0x00017d24       0x24 Libraries\FEHSD.o
                0x00017d24                FEHSD::FEHSD()
                0x00017d24                FEHSD::FEHSD()
 .text._ZN5FEHSD8CloseLogEv
                0x00017d48       0x38 Libraries\FEHSD.o
                0x00017d48                FEHSD::CloseLog()
 .text._Z41__static_initialization_and_destruction_0ii
                0x00017d80       0x30 Libraries\FEHSD.o
 .text._GLOBAL__sub_I_SD
                0x00017db0       0x14 Libraries\FEHSD.o
 .text.sprintf  0x00017dc4       0x1c C:\fehqt\Proteus/EWL/lib/armv7e-m\libc.a(sprintf.o)
                0x00017dc4                sprintf
 .text.__StringWrite
                0x00017de0       0x28 C:\fehqt\Proteus/EWL/lib/armv7e-m\libc.a(vsnprintf.o)
                0x00017de0                __StringWrite
 .text.vsnprintf
                0x00017e08       0x34 C:\fehqt\Proteus/EWL/lib/armv7e-m\libc.a(vsnprintf.o)
                0x00017e08                vsnprintf
 .text.exit     0x00017e3c       0x38 C:\fehqt\Proteus/EWL/lib/armv7e-m\libc.a(exit.o)
                0x00017e3c                exit
 .text.memcpy   0x00017e74       0x12 C:\fehqt\Proteus/EWL/lib/armv7e-m\libc.a(memcpy.o)
                0x00017e74                memcpy
 .text.memset   0x00017e86        0xc C:\fehqt\Proteus/EWL/lib/armv7e-m\libc.a(memset.o)
                0x00017e86                memset
 .text.strcpy   0x00017e92       0x18 C:\fehqt\Proteus/EWL/lib/armv7e-m\libc.a(strcpy.o)
                0x00017e92                strcpy
 .text.strlen   0x00017eaa       0x10 C:\fehqt\Proteus/EWL/lib/armv7e-m\libc.a(strlen.o)
                0x00017eaa                strlen
 .text.long2str.isra.0
                0x00017eba      0x196 C:\fehqt\Proteus/EWL/lib/armv7e-m\libc.a(printformat_.o)
 .text.__pformatter_
                0x00018050      0x3f8 C:\fehqt\Proteus/EWL/lib/armv7e-m\libc.a(printformat_.o)
                0x00018050                __pformatter_
 .text.__sformatter
                0x00018448      0x74e C:\fehqt\Proteus/EWL/lib/armv7e-m\libc.a(scanformat_.o)
                0x00018448                __sformatter
 *fill*         0x00018b96        0x2 00
 .text.isalpha  0x00018b98       0x1c C:\fehqt\Proteus/EWL/lib/armv7e-m\libc.a(ctype_aeabi.o)
                0x00018b98                isalpha
 .text.isspace  0x00018bb4       0x1c C:\fehqt\Proteus/EWL/lib/armv7e-m\libc.a(ctype_aeabi.o)
                0x00018bb4                isspace
 .text.toupper  0x00018bd0        0xc C:\fehqt\Proteus/EWL/lib/armv7e-m\libc.a(ctype_aeabi.o)
                0x00018bd0                toupper
 .text.__strtoul
                0x00018bdc      0x1dc C:\fehqt\Proteus/EWL/lib/armv7e-m\libc.a(__strtoul.o)
                0x00018bdc                __strtoul
 .text.__fill_mem
                0x00018db8       0x76 C:\fehqt\Proteus/EWL/lib/armv7e-m\libc.a(__filll_mem.o)
                0x00018db8                __fill_mem
 .text.memchr   0x00018e2e       0x1a C:\fehqt\Proteus/EWL/lib/armv7e-m\libc.a(memchr.o)
                0x00018e2e                memchr
 .text.strchr   0x00018e48       0x1c C:\fehqt\Proteus/EWL/lib/armv7e-m\libc.a(strchr.o)
                0x00018e48                strchr
 .text.__init_cpp
                0x00018e64       0x4c C:\fehqt\Proteus/EWL/lib/armv7e-m\librt.a(gcc_ctor_dtor.o)
                0x00018e64                __init_cpp
 .text.__fini_cpp
                0x00018eb0       0x34 C:\fehqt\Proteus/EWL/lib/armv7e-m\librt.a(gcc_ctor_dtor.o)
                0x00018eb0                __fini_cpp
 .text.__copy_rom_section
                0x00018ee4       0x44 C:\fehqt\Proteus/EWL/lib/armv7e-m\librt.a(ROMCopy.o)
                0x00018ee4                __copy_rom_section
 .text.__copy_rom_sections_to_ram
                0x00018f28       0x34 C:\fehqt\Proteus/EWL/lib/armv7e-m\librt.a(ROMCopy.o)
                0x00018f28                __copy_rom_sections_to_ram
 .text.__destroy_global_chain
                0x00018f5c       0x1c C:\fehqt\Proteus/EWL/lib/armv7e-m\librt.a(__arm_eabi_init.o)
                0x00018f5c                __destroy_global_chain
 .text.__init_registers
                0x00018f78       0x20 C:\fehqt\Proteus/EWL/lib/armv7e-m\librt.a(__arm_eabi_init.o)
                0x00018f78                __init_registers
 .text.__init_user
                0x00018f98        0x4 C:\fehqt\Proteus/EWL/lib/armv7e-m\librt.a(__arm_eabi_init.o)
                0x00018f98                __init_user
 *(.rodata)
 .rodata        0x00018f9c       0x88 ..\main.o
 .rodata        0x00019024       0x78 Libraries\FEHIO.o
 .rodata        0x0001909c       0x34 Libraries\FEHLCD.o
 .rodata        0x000190d0      0x238 Libraries\FEHRPS.o
 *(.rodata*)
 .rodata.K60_SDHC0_init
                0x00019308        0xc Drivers\SDHC.o
                0x00019308                K60_SDHC0_init
 .rodata._ZL21ESDHC_COMMAND_XFERTYP
                0x00019314      0x100 Drivers\SDHC.o
 .rodata._ZL9GPIOPorts
                0x00019414       0x20 Libraries\FEHIO.o
 .rodata._ZL10ADCNumbers
                0x00019434       0x24 Libraries\FEHIO.o
 .rodata._ZL14GPIOPinNumbers
                0x00019458       0x80 Libraries\FEHIO.o
 .rodata._ZL16AnalogPinNumbers
                0x000194d8       0x84 Libraries\FEHIO.o
 .rodata.str1.1
                0x0001955c        0x1 C:\fehqt\Proteus/EWL/lib/armv7e-m\libc.a(printformat_.o)
 .rodata.__aeabi_ctype_table_C
                0x0001955d      0x101 C:\fehqt\Proteus/EWL/lib/armv7e-m\libc.a(ctype_aeabi.o)
                0x0001955d                __aeabi_ctype_table_C
 *(.glue_7)
 .glue_7        0x00000000        0x0 linker stubs
 *(.glue_7t)
 .glue_7t       0x00000000        0x0 linker stubs
 *(.eh_frame)
 *(.init)
 *(.fini)
                0x00019660                . = ALIGN (0x4)
 *fill*         0x0001965e        0x2 00
                0x00019660                _etext = .

.vfp11_veneer   0x00019660        0x0
 .vfp11_veneer  0x00000000        0x0 linker stubs

.v4_bx          0x00019660        0x0
 .v4_bx         0x00000000        0x0 linker stubs

.ARM.extab
 *(.ARM.extab* .gnu.linkonce.armextab.*)

.ARM            0x00019660        0x0
                0x00019660                __exidx_start = .
 *(.ARM.exidx*)
                0x00019660                __exidx_end = .

.ctors          0x00019660        0x0
                0x00019660                __CTOR_LIST__ = .
 *crtbegin.o(.ctors)
 *(EXCLUDE_FILE(*crtend.o) .ctors)
 *(SORT(.ctors.*))
 *(.ctors)
                0x00019660                __CTOR_END__ = .

.dtors          0x00019660        0x0
                0x00019660                __DTOR_LIST__ = .
 *crtbegin.o(.dtors)
 *(EXCLUDE_FILE(*crtend.o) .dtors)
 *(SORT(.dtors.*))
 *(.dtors)
                0x00019660                __DTOR_END__ = .

.preinit_array  0x00019660        0x0
                0x00019660                PROVIDE (__preinit_array_start, .)
 *(.preinit_array*)
                0x00019660                PROVIDE (__preinit_array_end, .)

.init_array     0x00019660       0x20
                0x00019660                PROVIDE (__init_array_start, .)
 *(SORT(.init_array.*))
 *(.init_array*)
 .init_array    0x00019660        0x4 ..\main.o
 .init_array    0x00019664        0x4 FEHProteus.o
 .init_array    0x00019668        0x4 Libraries\FEHBuzzer.o
 .init_array    0x0001966c        0x4 Libraries\FEHLCD.o
 .init_array    0x00019670        0x4 Libraries\FEHAccel.o
 .init_array    0x00019674        0x4 Libraries\FEHBattery.o
 .init_array    0x00019678        0x4 Libraries\FEHRPS.o
 .init_array    0x0001967c        0x4 Libraries\FEHSD.o
                0x00019680                PROVIDE (__init_array_end, .)

.fini_array     0x00019680        0x0
                0x00019680                PROVIDE (__fini_array_start, .)
 *(SORT(.fini_array.*))
 *(.fini_array*)
                0x00019680                PROVIDE (__fini_array_end, .)
                0x00019680                ___ROM_AT = .

.data           0x1fff0400      0xd58 load address 0x00019680
                0x1fff0400                . = ALIGN (0x4)
                0x1fff0400                _sdata = .
 *(.data)
 *(.data*)
 .data.light    0x1fff0400        0x4 ..\main.o
                0x1fff0400                light
 *fill*         0x1fff0404        0x4 00
 .data.encInch  0x1fff0408        0x8 ..\main.o
                0x1fff0408                encInch
 .data.turnSpeed
                0x1fff0410        0x4 ..\main.o
                0x1fff0410                turnSpeed
 .data.coinServoMax
                0x1fff0414        0x4 ..\main.o
                0x1fff0414                coinServoMax
 .data.coinServoMin
                0x1fff0418        0x4 ..\main.o
                0x1fff0418                coinServoMin
 .data.foosServoMax
                0x1fff041c        0x4 ..\main.o
                0x1fff041c                foosServoMax
 .data.foosServoMin
                0x1fff0420        0x4 ..\main.o
                0x1fff0420                foosServoMin
 .data.DDRY     0x1fff0424        0x4 ..\main.o
                0x1fff0424                DDRY
 .data.DDRX     0x1fff0428        0x4 ..\main.o
                0x1fff0428                DDRX
 .data.DDRHeading
                0x1fff042c        0x4 ..\main.o
                0x1fff042c                DDRHeading
 .data.coinX    0x1fff0430        0x4 ..\main.o
                0x1fff0430                coinX
 .data.coinY    0x1fff0434        0x4 ..\main.o
                0x1fff0434                coinY
 .data.coinHeading
                0x1fff0438        0x4 ..\main.o
                0x1fff0438                coinHeading
 .data._ZL4Stat
                0x1fff043c        0x1 Drivers\SDHC.o
 *fill*         0x1fff043d        0x3 00
 .data.image    0x1fff0440      0x750 Libraries\FEHLCD.o
                0x1fff0440                image
 .data.logo     0x1fff0b90      0x3e8 Libraries\FEHLCD.o
                0x1fff0b90                logo
 .data._ZN6FEHLCD8fontDataE
                0x1fff0f78      0x1e0 Libraries\FEHLCD.o
                0x1fff0f78                FEHLCD::fontData
                0x1fff1158                . = ALIGN (0x4)
                0x1fff1158                _edata = .
                0x00000d58                ___data_size = (_edata - _sdata)
                0x0001a3d8                ___m_data2_ROMStart = (___ROM_AT + SIZEOF (.data))

.user_data2     0x20000000        0x0 load address 0x0001a3d8
                0x20000000                . = ALIGN (0x4)
                0x20000000                ___m_data2_RAMStart = .
 *(.data2)
                0x20000000                ___m_data2_RAMEnd = .
                0x20000000                . = ALIGN (0x4)
                0x00000000                ___m_data2_ROMSize = (___m_data2_RAMEnd - ___m_data2_RAMStart)
                0x20000000                . = ALIGN (0x4)

.bss            0x1fff1158      0x640 load address 0x0001a3d8
                0x1fff1158                __START_BSS = .
                0x1fff1158                PROVIDE (__bss_start__, __START_BSS)
 *(.bss)
 *(.bss*)
 .bss.cds       0x1fff1158        0x4 ..\main.o
                0x1fff1158                cds
 .bss.right_motor
                0x1fff115c        0x8 ..\main.o
                0x1fff115c                right_motor
 .bss.left_motor
                0x1fff1164        0x8 ..\main.o
                0x1fff1164                left_motor
 .bss.right_encoder
                0x1fff116c        0x4 ..\main.o
                0x1fff116c                right_encoder
 .bss.left_encoder
                0x1fff1170        0x4 ..\main.o
                0x1fff1170                left_encoder
 .bss.coin_servo
                0x1fff1174        0xc ..\main.o
                0x1fff1174                coin_servo
 .bss.foos_servo
                0x1fff1180        0xc ..\main.o
                0x1fff1180                foos_servo
 .bss.smallLight
                0x1fff118c        0x4 ..\main.o
                0x1fff118c                smallLight
 .bss.currHeading
                0x1fff1190        0x4 ..\main.o
                0x1fff1190                currHeading
 .bss.initHeading
                0x1fff1194        0x4 ..\main.o
                0x1fff1194                initHeading
 .bss.printData
                0x1fff1198       0x50 ..\main.o
                0x1fff1198                printData
 .bss._ZL4argv  0x1fff11e8        0x4 Startup\__arm_start.o
 .bss.MasterTransmission
                0x1fff11ec        0x1 Drivers\i2c.o
                0x1fff11ec                MasterTransmission
 .bss.SlaveID   0x1fff11ed        0x1 Drivers\i2c.o
                0x1fff11ed                SlaveID
 *fill*         0x1fff11ee        0x2 00
 .bss.SDHC_Card
                0x1fff11f0       0x14 Drivers\SDHC.o
                0x1fff11f0                SDHC_Card
 .bss.SDHC_Info
                0x1fff1204      0x204 Drivers\SDHC.o
                0x1fff1204                SDHC_Info
 .bss.SDHC_Device
                0x1fff1408        0x8 Drivers\SDHC.o
                0x1fff1408                SDHC_Device
 .bss.Propeller
                0x1fff1410        0x4 FEHProteus.o
                0x1fff1410                Propeller
 .bss.CoreClockKHz
                0x1fff1414        0x4 FEHProteus.o
                0x1fff1414                CoreClockKHz
 .bss.CoreClockMHz
                0x1fff1418        0x4 FEHProteus.o
                0x1fff1418                CoreClockMHz
 .bss.PeripheralClockKHz
                0x1fff141c        0x4 FEHProteus.o
                0x1fff141c                PeripheralClockKHz
 .bss._ZN14AnalogInputPin17Master_Adc_ConfigE
                0x1fff1420       0x10 Libraries\FEHIO.o
                0x1fff1420                AnalogInputPin::Master_Adc_Config
 .bss._ZN14AnalogInputPin18Encoder_Adc_ConfigE
                0x1fff1430       0x10 Libraries\FEHIO.o
                0x1fff1430                AnalogInputPin::Encoder_Adc_Config
 .bss.interrupt_counts
                0x1fff1440       0x80 Libraries\FEHIO.o
                0x1fff1440                interrupt_counts
 .bss._ZN13AnalogEncoder7pinListE
                0x1fff14c0        0x4 Libraries\FEHIO.o
                0x1fff14c0                AnalogEncoder::pinList
 .bss.__interrupt_counter
                0x1fff14c4        0x4 Libraries\FEHIO.o
                0x1fff14c4                __interrupt_counter
 .bss.Buzzer    0x1fff14c8        0x4 Libraries\FEHBuzzer.o
                0x1fff14c8                Buzzer
 .bss.LCD       0x1fff14cc       0x44 Libraries\FEHLCD.o
                0x1fff14cc                LCD
 .bss.initialized
                0x1fff1510        0x1 Libraries\FEHLCD.o
                0x1fff1510                initialized
 *fill*         0x1fff1511        0x3 00
 .bss.Accel     0x1fff1514        0x4 Libraries\FEHAccel.o
                0x1fff1514                Accel
 .bss.Battery   0x1fff1518        0x4 Libraries\FEHBattery.o
                0x1fff1518                Battery
 .bss.XBeeDataProcess
                0x1fff151c        0x4 Drivers\FEHXBee.o
                0x1fff151c                XBeeDataProcess
 .bss._xbeebuffer
                0x1fff1520       0x10 Drivers\FEHXBee.o
                0x1fff1520                _xbeebuffer
 .bss._xbeebufferindex
                0x1fff1530        0x1 Drivers\FEHXBee.o
                0x1fff1530                _xbeebufferindex
 .bss._xbeestate
                0x1fff1531        0x1 Drivers\FEHXBee.o
                0x1fff1531                _xbeestate
 .bss._xbeebytereceived
                0x1fff1532        0x1 Drivers\FEHXBee.o
                0x1fff1532                _xbeebytereceived
 .bss._xbeebyte
                0x1fff1533        0x1 Drivers\FEHXBee.o
                0x1fff1533                _xbeebyte
 .bss.RPS       0x1fff1534        0x8 Libraries\FEHRPS.o
                0x1fff1534                RPS
 .bss._enabled  0x1fff153c        0x1 Libraries\FEHRPS.o
                0x1fff153c                _enabled
 *fill*         0x1fff153d        0x3 00
 .bss._RPS_x    0x1fff1540        0x4 Libraries\FEHRPS.o
                0x1fff1540                _RPS_x
 .bss._RPS_y    0x1fff1544        0x4 Libraries\FEHRPS.o
                0x1fff1544                _RPS_y
 .bss._RPS_heading
                0x1fff1548        0x4 Libraries\FEHRPS.o
                0x1fff1548                _RPS_heading
 .bss._RPS_objective
                0x1fff154c        0x4 Libraries\FEHRPS.o
                0x1fff154c                _RPS_objective
 .bss._RPS_time
                0x1fff1550        0x1 Libraries\FEHRPS.o
                0x1fff1550                _RPS_time
 .bss._RPS_stop
                0x1fff1551        0x1 Libraries\FEHRPS.o
                0x1fff1551                _RPS_stop
 .bss._RPS_foundpacket
                0x1fff1552        0x1 Libraries\FEHRPS.o
                0x1fff1552                _RPS_foundpacket
 *fill*         0x1fff1553        0x1 00
 .bss.SD        0x1fff1554        0x4 Libraries\FEHSD.o
                0x1fff1554                SD
 .bss.logfil    0x1fff1558      0x228 Libraries\FEHSD.o
                0x1fff1558                logfil
 .bss.__stdio_exit
                0x1fff1780        0x4 C:\fehqt\Proteus/EWL/lib/armv7e-m\libc.a(exit.o)
                0x1fff1780                __stdio_exit
 .bss.__console_exit
                0x1fff1784        0x4 C:\fehqt\Proteus/EWL/lib/armv7e-m\libc.a(exit.o)
                0x1fff1784                __console_exit
 .bss.__S_romp  0x1fff1788        0xc C:\fehqt\Proteus/EWL/lib/armv7e-m\librt.a(ROMCopy.o)
 .bss.__global_destructor_chain
                0x1fff1794        0x4 C:\fehqt\Proteus/EWL/lib/armv7e-m\librt.a(__arm_eabi_init.o)
                0x1fff1794                __global_destructor_chain
 *(COMMON)
                0x1fff1798                . = ALIGN (0x4)
                0x1fff1798                __END_BSS = .
                0x1fff1798                PROVIDE (__bss_end__, __END_BSS)

._user_heap_stack
                0x1fff1798     0x1000 load address 0x0001aa18
                0x1fff1798                . = ALIGN (0x4)
                0x1fff1798                PROVIDE (end, .)
                0x1fff1798                PROVIDE (_end, .)
                0x1fff1798                __heap_addr = .
                0x1fff1f98                . = (. + __heap_size)
 *fill*         0x1fff1798      0x800 00
                0x1fff2798                . = (. + __stack_size)
 *fill*         0x1fff1f98      0x800 00
                0x1fff2798                . = ALIGN (0x4)
                0x0001a3d8                _romp_at = ((___ROM_AT + SIZEOF (.data)) + SIZEOF (.user_data2))

.romp           0x20000000       0x24 load address 0x0001a3d8
                0x0001a3d8                __S_romp = _romp_at
                0x20000000        0x4 LONG 0x19680 ___ROM_AT
                0x20000004        0x4 LONG 0x1fff0400 _sdata
                0x20000008        0x4 LONG 0xd58 ___data_size
                0x2000000c        0x4 LONG 0x1a3d8 ___m_data2_ROMStart
                0x20000010        0x4 LONG 0x20000000 ___m_data2_RAMStart
                0x20000014        0x4 LONG 0x0 ___m_data2_ROMSize
                0x20000018        0x4 LONG 0x0
                0x2000001c        0x4 LONG 0x0
                0x20000020        0x4 LONG 0x0

.ARM.attributes
                0x00000000       0x33
 *(.ARM.attributes)
 .ARM.attributes
                0x00000000       0x33 ..\main.o
 .ARM.attributes
                0x00000033       0x33 Startup\__arm_start.o
 .ARM.attributes
                0x00000066       0x33 Startup\__arm_end.o
 .ARM.attributes
                0x00000099       0x33 Startup\kinetis_sysinit.o
 .ARM.attributes
                0x000000cc       0x33 Libraries\FEHMotor.o
 .ARM.attributes
                0x000000ff       0x33 Drivers\i2c.o
 .ARM.attributes
                0x00000132       0x33 Drivers\spi.o
 .ARM.attributes
                0x00000165       0x33 Drivers\uart.o
 .ARM.attributes
                0x00000198       0x33 Drivers\ff.o
 .ARM.attributes
                0x000001cb       0x33 Drivers\SDHC.o
 .ARM.attributes
                0x000001fe       0x33 Drivers\lptmr.o
 .ARM.attributes
                0x00000231       0x33 FEHProteus.o
 .ARM.attributes
                0x00000264       0x33 Drivers\FEHPropeller.o
 .ARM.attributes
                0x00000297       0x33 Libraries\FEHUtility.o
 .ARM.attributes
                0x000002ca       0x33 Libraries\FEHIO.o
 .ARM.attributes
                0x000002fd       0x33 Drivers\adc16.o
 .ARM.attributes
                0x00000330       0x33 Libraries\FEHBuzzer.o
 .ARM.attributes
                0x00000363       0x33 Libraries\FEHServo.o
 .ARM.attributes
                0x00000396       0x33 Libraries\FEHLCD.o
 .ARM.attributes
                0x000003c9       0x33 Libraries\FEHAccel.o
 .ARM.attributes
                0x000003fc       0x33 Libraries\FEHBattery.o
 .ARM.attributes
                0x0000042f       0x33 Drivers\FEHXBee.o
 .ARM.attributes
                0x00000462       0x33 Libraries\FEHRPS.o
 .ARM.attributes
                0x00000495       0x33 Libraries\FEHSD.o
 .ARM.attributes
                0x000004c8       0x33 C:\fehqt\Proteus/EWL/lib/armv7e-m\libc.a(sprintf.o)
 .ARM.attributes
                0x000004fb       0x33 C:\fehqt\Proteus/EWL/lib/armv7e-m\libc.a(vsnprintf.o)
 .ARM.attributes
                0x0000052e       0x33 C:\fehqt\Proteus/EWL/lib/armv7e-m\libc.a(exit.o)
 .ARM.attributes
                0x00000561       0x33 C:\fehqt\Proteus/EWL/lib/armv7e-m\libc.a(memcpy.o)
 .ARM.attributes
                0x00000594       0x33 C:\fehqt\Proteus/EWL/lib/armv7e-m\libc.a(memset.o)
 .ARM.attributes
                0x000005c7       0x33 C:\fehqt\Proteus/EWL/lib/armv7e-m\libc.a(strcpy.o)
 .ARM.attributes
                0x000005fa       0x33 C:\fehqt\Proteus/EWL/lib/armv7e-m\libc.a(strlen.o)
 .ARM.attributes
                0x0000062d       0x33 C:\fehqt\Proteus/EWL/lib/armv7e-m\libc.a(printformat_.o)
 .ARM.attributes
                0x00000660       0x33 C:\fehqt\Proteus/EWL/lib/armv7e-m\libc.a(scanformat_.o)
 .ARM.attributes
                0x00000693       0x33 C:\fehqt\Proteus/EWL/lib/armv7e-m\libc.a(ctype_aeabi.o)
 .ARM.attributes
                0x000006c6       0x33 C:\fehqt\Proteus/EWL/lib/armv7e-m\libc.a(__strtoul.o)
 .ARM.attributes
                0x000006f9       0x33 C:\fehqt\Proteus/EWL/lib/armv7e-m\libc.a(__filll_mem.o)
 .ARM.attributes
                0x0000072c       0x33 C:\fehqt\Proteus/EWL/lib/armv7e-m\libc.a(memchr.o)
 .ARM.attributes
                0x0000075f       0x33 C:\fehqt\Proteus/EWL/lib/armv7e-m\libc.a(strchr.o)
 .ARM.attributes
                0x00000792       0x1e c:/fehqt/proteus/gcc/bin/../lib/gcc/arm-none-eabi/4.6.2/armv7e-m\libgcc.a(_arm_addsubdf3.o)
 .ARM.attributes
                0x000007b0       0x1e c:/fehqt/proteus/gcc/bin/../lib/gcc/arm-none-eabi/4.6.2/armv7e-m\libgcc.a(_arm_muldivdf3.o)
 .ARM.attributes
                0x000007ce       0x1e c:/fehqt/proteus/gcc/bin/../lib/gcc/arm-none-eabi/4.6.2/armv7e-m\libgcc.a(_arm_cmpdf2.o)
 .ARM.attributes
                0x000007ec       0x1e c:/fehqt/proteus/gcc/bin/../lib/gcc/arm-none-eabi/4.6.2/armv7e-m\libgcc.a(_arm_fixdfsi.o)
 .ARM.attributes
                0x0000080a       0x1e c:/fehqt/proteus/gcc/bin/../lib/gcc/arm-none-eabi/4.6.2/armv7e-m\libgcc.a(_arm_fixunsdfsi.o)
 .ARM.attributes
                0x00000828       0x1e c:/fehqt/proteus/gcc/bin/../lib/gcc/arm-none-eabi/4.6.2/armv7e-m\libgcc.a(_arm_truncdfsf2.o)
 .ARM.attributes
                0x00000846       0x1e c:/fehqt/proteus/gcc/bin/../lib/gcc/arm-none-eabi/4.6.2/armv7e-m\libgcc.a(_arm_addsubsf3.o)
 .ARM.attributes
                0x00000864       0x1e c:/fehqt/proteus/gcc/bin/../lib/gcc/arm-none-eabi/4.6.2/armv7e-m\libgcc.a(_arm_muldivsf3.o)
 .ARM.attributes
                0x00000882       0x1e c:/fehqt/proteus/gcc/bin/../lib/gcc/arm-none-eabi/4.6.2/armv7e-m\libgcc.a(_arm_cmpsf2.o)
 .ARM.attributes
                0x000008a0       0x1e c:/fehqt/proteus/gcc/bin/../lib/gcc/arm-none-eabi/4.6.2/armv7e-m\libgcc.a(_arm_fixsfsi.o)
 .ARM.attributes
                0x000008be       0x33 C:\fehqt\Proteus/EWL/lib/armv7e-m\librt.a(gcc_ctor_dtor.o)
 .ARM.attributes
                0x000008f1       0x33 C:\fehqt\Proteus/EWL/lib/armv7e-m\librt.a(ROMCopy.o)
 .ARM.attributes
                0x00000924       0x33 C:\fehqt\Proteus/EWL/lib/armv7e-m\librt.a(__arm_eabi_init.o)
OUTPUT(../RobotProject.elf elf32-littlearm)

.debug_info     0x00000000    0x15261
 .debug_info    0x00000000     0x1b67 ..\main.o
 .debug_info    0x00001b67     0x12c5 Startup\__arm_start.o
 .debug_info    0x00002e2c       0x58 Startup\__arm_end.o
 .debug_info    0x00002e84      0x57d Startup\kinetis_sysinit.o
 .debug_info    0x00003401      0x335 Libraries\FEHMotor.o
 .debug_info    0x00003736      0x250 Drivers\i2c.o
 .debug_info    0x00003986      0x6cf Drivers\spi.o
 .debug_info    0x00004055      0x59c Drivers\uart.o
 .debug_info    0x000045f1     0x1da0 Drivers\ff.o
 .debug_info    0x00006391      0xf1d Drivers\SDHC.o
 .debug_info    0x000072ae      0x2de Drivers\lptmr.o
 .debug_info    0x0000758c      0x1a7 FEHProteus.o
 .debug_info    0x00007733      0x722 Drivers\FEHPropeller.o
 .debug_info    0x00007e55      0x36c Libraries\FEHUtility.o
 .debug_info    0x000081c1     0x1c6a Libraries\FEHIO.o
 .debug_info    0x00009e2b      0x4ab Drivers\adc16.o
 .debug_info    0x0000a2d6      0xa42 Libraries\FEHBuzzer.o
 .debug_info    0x0000ad18     0x1500 Libraries\FEHServo.o
 .debug_info    0x0000c218     0x2c25 Libraries\FEHLCD.o
 .debug_info    0x0000ee3d      0x26a Libraries\FEHAccel.o
 .debug_info    0x0000f0a7      0x3a9 Libraries\FEHBattery.o
 .debug_info    0x0000f450      0xac3 Drivers\FEHXBee.o
 .debug_info    0x0000ff13     0x1b23 Libraries\FEHRPS.o
 .debug_info    0x00011a36     0x16c8 Libraries\FEHSD.o
 .debug_info    0x000130fe      0x11f C:\fehqt\Proteus/EWL/lib/armv7e-m\libc.a(sprintf.o)
 .debug_info    0x0001321d      0x206 C:\fehqt\Proteus/EWL/lib/armv7e-m\libc.a(vsnprintf.o)
 .debug_info    0x00013423      0x103 C:\fehqt\Proteus/EWL/lib/armv7e-m\libc.a(exit.o)
 .debug_info    0x00013526      0x113 C:\fehqt\Proteus/EWL/lib/armv7e-m\libc.a(memcpy.o)
 .debug_info    0x00013639       0xf4 C:\fehqt\Proteus/EWL/lib/armv7e-m\libc.a(memset.o)
 .debug_info    0x0001372d      0x10a C:\fehqt\Proteus/EWL/lib/armv7e-m\libc.a(strcpy.o)
 .debug_info    0x00013837       0xf3 C:\fehqt\Proteus/EWL/lib/armv7e-m\libc.a(strlen.o)
 .debug_info    0x0001392a      0x512 C:\fehqt\Proteus/EWL/lib/armv7e-m\libc.a(printformat_.o)
 .debug_info    0x00013e3c      0x564 C:\fehqt\Proteus/EWL/lib/armv7e-m\libc.a(scanformat_.o)
 .debug_info    0x000143a0      0x32a C:\fehqt\Proteus/EWL/lib/armv7e-m\libc.a(ctype_aeabi.o)
 .debug_info    0x000146ca      0x1d7 C:\fehqt\Proteus/EWL/lib/armv7e-m\libc.a(__strtoul.o)
 .debug_info    0x000148a1      0x13d C:\fehqt\Proteus/EWL/lib/armv7e-m\libc.a(__filll_mem.o)
 .debug_info    0x000149de      0x129 C:\fehqt\Proteus/EWL/lib/armv7e-m\libc.a(memchr.o)
 .debug_info    0x00014b07      0x110 C:\fehqt\Proteus/EWL/lib/armv7e-m\libc.a(strchr.o)
 .debug_info    0x00014c17      0x1c0 C:\fehqt\Proteus/EWL/lib/armv7e-m\librt.a(gcc_ctor_dtor.o)
 .debug_info    0x00014dd7      0x1b8 C:\fehqt\Proteus/EWL/lib/armv7e-m\librt.a(ROMCopy.o)
 .debug_info    0x00014f8f      0x2d2 C:\fehqt\Proteus/EWL/lib/armv7e-m\librt.a(__arm_eabi_init.o)

.debug_abbrev   0x00000000     0x3f30
 .debug_abbrev  0x00000000      0x3b1 ..\main.o
 .debug_abbrev  0x000003b1      0x28f Startup\__arm_start.o
 .debug_abbrev  0x00000640       0x45 Startup\__arm_end.o
 .debug_abbrev  0x00000685      0x18a Startup\kinetis_sysinit.o
 .debug_abbrev  0x0000080f      0x18c Libraries\FEHMotor.o
 .debug_abbrev  0x0000099b       0xfc Drivers\i2c.o
 .debug_abbrev  0x00000a97      0x18b Drivers\spi.o
 .debug_abbrev  0x00000c22      0x15f Drivers\uart.o
 .debug_abbrev  0x00000d81      0x18f Drivers\ff.o
 .debug_abbrev  0x00000f10      0x223 Drivers\SDHC.o
 .debug_abbrev  0x00001133       0xd2 Drivers\lptmr.o
 .debug_abbrev  0x00001205      0x101 FEHProteus.o
 .debug_abbrev  0x00001306      0x1c6 Drivers\FEHPropeller.o
 .debug_abbrev  0x000014cc      0x154 Libraries\FEHUtility.o
 .debug_abbrev  0x00001620      0x448 Libraries\FEHIO.o
 .debug_abbrev  0x00001a68      0x12a Drivers\adc16.o
 .debug_abbrev  0x00001b92      0x1da Libraries\FEHBuzzer.o
 .debug_abbrev  0x00001d6c      0x312 Libraries\FEHServo.o
 .debug_abbrev  0x0000207e      0x38c Libraries\FEHLCD.o
 .debug_abbrev  0x0000240a      0x13b Libraries\FEHAccel.o
 .debug_abbrev  0x00002545      0x1cb Libraries\FEHBattery.o
 .debug_abbrev  0x00002710      0x231 Drivers\FEHXBee.o
 .debug_abbrev  0x00002941      0x38c Libraries\FEHRPS.o
 .debug_abbrev  0x00002ccd      0x357 Libraries\FEHSD.o
 .debug_abbrev  0x00003024       0xb5 C:\fehqt\Proteus/EWL/lib/armv7e-m\libc.a(sprintf.o)
 .debug_abbrev  0x000030d9       0xf4 C:\fehqt\Proteus/EWL/lib/armv7e-m\libc.a(vsnprintf.o)
 .debug_abbrev  0x000031cd       0x8f C:\fehqt\Proteus/EWL/lib/armv7e-m\libc.a(exit.o)
 .debug_abbrev  0x0000325c       0x97 C:\fehqt\Proteus/EWL/lib/armv7e-m\libc.a(memcpy.o)
 .debug_abbrev  0x000032f3       0x66 C:\fehqt\Proteus/EWL/lib/armv7e-m\libc.a(memset.o)
 .debug_abbrev  0x00003359       0x7c C:\fehqt\Proteus/EWL/lib/armv7e-m\libc.a(strcpy.o)
 .debug_abbrev  0x000033d5       0x7e C:\fehqt\Proteus/EWL/lib/armv7e-m\libc.a(strlen.o)
 .debug_abbrev  0x00003453      0x204 C:\fehqt\Proteus/EWL/lib/armv7e-m\libc.a(printformat_.o)
 .debug_abbrev  0x00003657      0x1fb C:\fehqt\Proteus/EWL/lib/armv7e-m\libc.a(scanformat_.o)
 .debug_abbrev  0x00003852       0x9a C:\fehqt\Proteus/EWL/lib/armv7e-m\libc.a(ctype_aeabi.o)
 .debug_abbrev  0x000038ec       0xc6 C:\fehqt\Proteus/EWL/lib/armv7e-m\libc.a(__strtoul.o)
 .debug_abbrev  0x000039b2       0x8b C:\fehqt\Proteus/EWL/lib/armv7e-m\libc.a(__filll_mem.o)
 .debug_abbrev  0x00003a3d       0x99 C:\fehqt\Proteus/EWL/lib/armv7e-m\libc.a(memchr.o)
 .debug_abbrev  0x00003ad6       0x8d C:\fehqt\Proteus/EWL/lib/armv7e-m\libc.a(strchr.o)
 .debug_abbrev  0x00003b63       0x9d C:\fehqt\Proteus/EWL/lib/armv7e-m\librt.a(gcc_ctor_dtor.o)
 .debug_abbrev  0x00003c00      0x160 C:\fehqt\Proteus/EWL/lib/armv7e-m\librt.a(ROMCopy.o)
 .debug_abbrev  0x00003d60      0x1d0 C:\fehqt\Proteus/EWL/lib/armv7e-m\librt.a(__arm_eabi_init.o)

.debug_loc      0x00000000     0x6a3e
 .debug_loc     0x00000000      0x49c ..\main.o
 .debug_loc     0x0000049c       0xb0 Startup\__arm_start.o
 .debug_loc     0x0000054c       0x38 Startup\__arm_end.o
 .debug_loc     0x00000584       0x84 Startup\kinetis_sysinit.o
 .debug_loc     0x00000608       0xe0 Libraries\FEHMotor.o
 .debug_loc     0x000006e8       0xe0 Drivers\i2c.o
 .debug_loc     0x000007c8      0x19c Drivers\spi.o
 .debug_loc     0x00000964       0xe0 Drivers\uart.o
 .debug_loc     0x00000a44      0xa96 Drivers\ff.o
 .debug_loc     0x000014da      0x370 Drivers\SDHC.o
 .debug_loc     0x0000184a       0x38 Drivers\lptmr.o
 .debug_loc     0x00001882       0x64 FEHProteus.o
 .debug_loc     0x000018e6      0x118 Drivers\FEHPropeller.o
 .debug_loc     0x000019fe      0x1a8 Libraries\FEHUtility.o
 .debug_loc     0x00001ba6      0x8d6 Libraries\FEHIO.o
 .debug_loc     0x0000247c       0xa8 Drivers\adc16.o
 .debug_loc     0x00002524      0x304 Libraries\FEHBuzzer.o
 .debug_loc     0x00002828      0x1fa Libraries\FEHServo.o
 .debug_loc     0x00002a22     0x1147 Libraries\FEHLCD.o
 .debug_loc     0x00003b69      0x144 Libraries\FEHAccel.o
 .debug_loc     0x00003cad       0xd4 Libraries\FEHBattery.o
 .debug_loc     0x00003d81      0x1c0 Drivers\FEHXBee.o
 .debug_loc     0x00003f41      0x3e8 Libraries\FEHRPS.o
 .debug_loc     0x00004329      0x24a Libraries\FEHSD.o
 .debug_loc     0x00004573       0x3f C:\fehqt\Proteus/EWL/lib/armv7e-m\libc.a(sprintf.o)
 .debug_loc     0x000045b2      0x105 C:\fehqt\Proteus/EWL/lib/armv7e-m\libc.a(vsnprintf.o)
 .debug_loc     0x000046b7       0x3e C:\fehqt\Proteus/EWL/lib/armv7e-m\libc.a(exit.o)
 .debug_loc     0x000046f5       0x46 C:\fehqt\Proteus/EWL/lib/armv7e-m\libc.a(memcpy.o)
 .debug_loc     0x0000473b       0x64 C:\fehqt\Proteus/EWL/lib/armv7e-m\libc.a(memset.o)
 .debug_loc     0x0000479f       0x20 C:\fehqt\Proteus/EWL/lib/armv7e-m\libc.a(strcpy.o)
 .debug_loc     0x000047bf       0x31 C:\fehqt\Proteus/EWL/lib/armv7e-m\libc.a(strlen.o)
 .debug_loc     0x000047f0     0x106f C:\fehqt\Proteus/EWL/lib/armv7e-m\libc.a(printformat_.o)
 .debug_loc     0x0000585f      0x8cb C:\fehqt\Proteus/EWL/lib/armv7e-m\libc.a(scanformat_.o)
 .debug_loc     0x0000612a      0x18e C:\fehqt\Proteus/EWL/lib/armv7e-m\libc.a(ctype_aeabi.o)
 .debug_loc     0x000062b8      0x2ad C:\fehqt\Proteus/EWL/lib/armv7e-m\libc.a(__strtoul.o)
 .debug_loc     0x00006565      0x12c C:\fehqt\Proteus/EWL/lib/armv7e-m\libc.a(__filll_mem.o)
 .debug_loc     0x00006691       0x82 C:\fehqt\Proteus/EWL/lib/armv7e-m\libc.a(memchr.o)
 .debug_loc     0x00006713       0x78 C:\fehqt\Proteus/EWL/lib/armv7e-m\libc.a(strchr.o)
 .debug_loc     0x0000678b       0xbe C:\fehqt\Proteus/EWL/lib/armv7e-m\librt.a(gcc_ctor_dtor.o)
 .debug_loc     0x00006849       0x9b C:\fehqt\Proteus/EWL/lib/armv7e-m\librt.a(ROMCopy.o)
 .debug_loc     0x000068e4      0x15a C:\fehqt\Proteus/EWL/lib/armv7e-m\librt.a(__arm_eabi_init.o)

.debug_aranges  0x00000000      0xf48
 .debug_aranges
                0x00000000       0xc8 ..\main.o
 .debug_aranges
                0x000000c8       0x48 Startup\__arm_start.o
 .debug_aranges
                0x00000110       0x20 Startup\__arm_end.o
 .debug_aranges
                0x00000130       0x30 Startup\kinetis_sysinit.o
 .debug_aranges
                0x00000160       0x38 Libraries\FEHMotor.o
 .debug_aranges
                0x00000198       0x38 Drivers\i2c.o
 .debug_aranges
                0x000001d0       0x58 Drivers\spi.o
 .debug_aranges
                0x00000228       0x38 Drivers\uart.o
 .debug_aranges
                0x00000260      0x198 Drivers\ff.o
 .debug_aranges
                0x000003f8       0x98 Drivers\SDHC.o
 .debug_aranges
                0x00000490       0x20 Drivers\lptmr.o
 .debug_aranges
                0x000004b0       0x28 FEHProteus.o
 .debug_aranges
                0x000004d8       0x40 Drivers\FEHPropeller.o
 .debug_aranges
                0x00000518       0x58 Libraries\FEHUtility.o
 .debug_aranges
                0x00000570      0x160 Libraries\FEHIO.o
 .debug_aranges
                0x000006d0       0x30 Drivers\adc16.o
 .debug_aranges
                0x00000700       0x88 Libraries\FEHBuzzer.o
 .debug_aranges
                0x00000788       0x60 Libraries\FEHServo.o
 .debug_aranges
                0x000007e8      0x290 Libraries\FEHLCD.o
 .debug_aranges
                0x00000a78       0x48 Libraries\FEHAccel.o
 .debug_aranges
                0x00000ac0       0x38 Libraries\FEHBattery.o
 .debug_aranges
                0x00000af8       0x58 Drivers\FEHXBee.o
 .debug_aranges
                0x00000b50       0xa8 Libraries\FEHRPS.o
 .debug_aranges
                0x00000bf8       0x68 Libraries\FEHSD.o
 .debug_aranges
                0x00000c60       0x20 C:\fehqt\Proteus/EWL/lib/armv7e-m\libc.a(sprintf.o)
 .debug_aranges
                0x00000c80       0x28 C:\fehqt\Proteus/EWL/lib/armv7e-m\libc.a(vsnprintf.o)
 .debug_aranges
                0x00000ca8       0x20 C:\fehqt\Proteus/EWL/lib/armv7e-m\libc.a(exit.o)
 .debug_aranges
                0x00000cc8       0x20 C:\fehqt\Proteus/EWL/lib/armv7e-m\libc.a(memcpy.o)
 .debug_aranges
                0x00000ce8       0x20 C:\fehqt\Proteus/EWL/lib/armv7e-m\libc.a(memset.o)
 .debug_aranges
                0x00000d08       0x20 C:\fehqt\Proteus/EWL/lib/armv7e-m\libc.a(strcpy.o)
 .debug_aranges
                0x00000d28       0x20 C:\fehqt\Proteus/EWL/lib/armv7e-m\libc.a(strlen.o)
 .debug_aranges
                0x00000d48       0x28 C:\fehqt\Proteus/EWL/lib/armv7e-m\libc.a(printformat_.o)
 .debug_aranges
                0x00000d70       0x20 C:\fehqt\Proteus/EWL/lib/armv7e-m\libc.a(scanformat_.o)
 .debug_aranges
                0x00000d90       0x88 C:\fehqt\Proteus/EWL/lib/armv7e-m\libc.a(ctype_aeabi.o)
 .debug_aranges
                0x00000e18       0x20 C:\fehqt\Proteus/EWL/lib/armv7e-m\libc.a(__strtoul.o)
 .debug_aranges
                0x00000e38       0x20 C:\fehqt\Proteus/EWL/lib/armv7e-m\libc.a(__filll_mem.o)
 .debug_aranges
                0x00000e58       0x20 C:\fehqt\Proteus/EWL/lib/armv7e-m\libc.a(memchr.o)
 .debug_aranges
                0x00000e78       0x20 C:\fehqt\Proteus/EWL/lib/armv7e-m\libc.a(strchr.o)
 .debug_aranges
                0x00000e98       0x28 C:\fehqt\Proteus/EWL/lib/armv7e-m\librt.a(gcc_ctor_dtor.o)
 .debug_aranges
                0x00000ec0       0x30 C:\fehqt\Proteus/EWL/lib/armv7e-m\librt.a(ROMCopy.o)
 .debug_aranges
                0x00000ef0       0x58 C:\fehqt\Proteus/EWL/lib/armv7e-m\librt.a(__arm_eabi_init.o)

.debug_line     0x00000000     0x80cf
 .debug_line    0x00000000      0x7f3 ..\main.o
 .debug_line    0x000007f3      0x3ad Startup\__arm_start.o
 .debug_line    0x00000ba0      0x21a Startup\__arm_end.o
 .debug_line    0x00000dba      0x283 Startup\kinetis_sysinit.o
 .debug_line    0x0000103d      0x237 Libraries\FEHMotor.o
 .debug_line    0x00001274      0x2ad Drivers\i2c.o
 .debug_line    0x00001521      0x295 Drivers\spi.o
 .debug_line    0x000017b6      0x212 Drivers\uart.o
 .debug_line    0x000019c8     0x1114 Drivers\ff.o
 .debug_line    0x00002adc      0x678 Drivers\SDHC.o
 .debug_line    0x00003154      0x1c0 Drivers\lptmr.o
 .debug_line    0x00003314      0x1da FEHProteus.o
 .debug_line    0x000034ee      0x264 Drivers\FEHPropeller.o
 .debug_line    0x00003752      0x282 Libraries\FEHUtility.o
 .debug_line    0x000039d4      0x6ee Libraries\FEHIO.o
 .debug_line    0x000040c2      0x20f Drivers\adc16.o
 .debug_line    0x000042d1      0x2df Libraries\FEHBuzzer.o
 .debug_line    0x000045b0      0x545 Libraries\FEHServo.o
 .debug_line    0x00004af5     0x1151 Libraries\FEHLCD.o
 .debug_line    0x00005c46      0x23f Libraries\FEHAccel.o
 .debug_line    0x00005e85      0x218 Libraries\FEHBattery.o
 .debug_line    0x0000609d      0x349 Drivers\FEHXBee.o
 .debug_line    0x000063e6      0x746 Libraries\FEHRPS.o
 .debug_line    0x00006b2c      0x3fa Libraries\FEHSD.o
 .debug_line    0x00006f26       0x94 C:\fehqt\Proteus/EWL/lib/armv7e-m\libc.a(sprintf.o)
 .debug_line    0x00006fba       0xd2 C:\fehqt\Proteus/EWL/lib/armv7e-m\libc.a(vsnprintf.o)
 .debug_line    0x0000708c       0x94 C:\fehqt\Proteus/EWL/lib/armv7e-m\libc.a(exit.o)
 .debug_line    0x00007120       0x8d C:\fehqt\Proteus/EWL/lib/armv7e-m\libc.a(memcpy.o)
 .debug_line    0x000071ad       0x8f C:\fehqt\Proteus/EWL/lib/armv7e-m\libc.a(memset.o)
 .debug_line    0x0000723c       0x8e C:\fehqt\Proteus/EWL/lib/armv7e-m\libc.a(strcpy.o)
 .debug_line    0x000072ca       0x89 C:\fehqt\Proteus/EWL/lib/armv7e-m\libc.a(strlen.o)
 .debug_line    0x00007353      0x2c6 C:\fehqt\Proteus/EWL/lib/armv7e-m\libc.a(printformat_.o)
 .debug_line    0x00007619      0x2e3 C:\fehqt\Proteus/EWL/lib/armv7e-m\libc.a(scanformat_.o)
 .debug_line    0x000078fc      0x1dd C:\fehqt\Proteus/EWL/lib/armv7e-m\libc.a(ctype_aeabi.o)
 .debug_line    0x00007ad9      0x141 C:\fehqt\Proteus/EWL/lib/armv7e-m\libc.a(__strtoul.o)
 .debug_line    0x00007c1a      0x121 C:\fehqt\Proteus/EWL/lib/armv7e-m\libc.a(__filll_mem.o)
 .debug_line    0x00007d3b       0xa3 C:\fehqt\Proteus/EWL/lib/armv7e-m\libc.a(memchr.o)
 .debug_line    0x00007dde       0x84 C:\fehqt\Proteus/EWL/lib/armv7e-m\libc.a(strchr.o)
 .debug_line    0x00007e62       0x94 C:\fehqt\Proteus/EWL/lib/armv7e-m\librt.a(gcc_ctor_dtor.o)
 .debug_line    0x00007ef6       0xc0 C:\fehqt\Proteus/EWL/lib/armv7e-m\librt.a(ROMCopy.o)
 .debug_line    0x00007fb6      0x119 C:\fehqt\Proteus/EWL/lib/armv7e-m\librt.a(__arm_eabi_init.o)

.debug_macinfo  0x00000000   0x89d29d
 .debug_macinfo
                0x00000000    0x66233 ..\main.o
 .debug_macinfo
                0x00066233    0x647fb Startup\__arm_start.o
 .debug_macinfo
                0x000caa2e     0x3464 Startup\__arm_end.o
 .debug_macinfo
                0x000cde92    0x64cce Startup\kinetis_sysinit.o
 .debug_macinfo
                0x00132b60    0x6305c Libraries\FEHMotor.o
 .debug_macinfo
                0x00195bbc    0x6318f Drivers\i2c.o
 .debug_macinfo
                0x001f8d4b    0x62fd6 Drivers\spi.o
 .debug_macinfo
                0x0025bd21    0x62fc7 Drivers\uart.o
 .debug_macinfo
                0x002bece8     0x4396 Drivers\ff.o
 .debug_macinfo
                0x002c307e    0x6452b Drivers\SDHC.o
 .debug_macinfo
                0x003275a9    0x63036 Drivers\lptmr.o
 .debug_macinfo
                0x0038a5df    0x62fdc FEHProteus.o
 .debug_macinfo
                0x003ed5bb    0x63085 Drivers\FEHPropeller.o
 .debug_macinfo
                0x00450640    0x62ff1 Libraries\FEHUtility.o
 .debug_macinfo
                0x004b3631    0x64348 Libraries\FEHIO.o
 .debug_macinfo
                0x00517979    0x63678 Drivers\adc16.o
 .debug_macinfo
                0x0057aff1    0x6301e Libraries\FEHBuzzer.o
 .debug_macinfo
                0x005de00f    0x64476 Libraries\FEHServo.o
 .debug_macinfo
                0x00642485    0x649ab Libraries\FEHLCD.o
 .debug_macinfo
                0x006a6e30    0x631be Libraries\FEHAccel.o
 .debug_macinfo
                0x00709fee    0x636a3 Libraries\FEHBattery.o
 .debug_macinfo
                0x0076d691    0x63d5d Drivers\FEHXBee.o
 .debug_macinfo
                0x007d13ee    0x66196 Libraries\FEHRPS.o
 .debug_macinfo
                0x00837584    0x65d19 Libraries\FEHSD.o

.debug_str      0x00000000     0x50b5
 .debug_str     0x00000000     0x170d ..\main.o
                               0x17ff (size before relaxing)
 .debug_str     0x0000170d      0x338 Startup\__arm_start.o
                                0xe63 (size before relaxing)
 .debug_str     0x00001a45       0x23 Startup\__arm_end.o
                                 0xb7 (size before relaxing)
 .debug_str     0x00001a68      0x1d6 Startup\kinetis_sysinit.o
                                0x362 (size before relaxing)
 .debug_str     0x00001c3e       0x2f Libraries\FEHMotor.o
                                0x2d5 (size before relaxing)
 .debug_str     0x00001c6d      0x11a Drivers\i2c.o
                                0x1fe (size before relaxing)
 .debug_str     0x00001d87      0x18b Drivers\spi.o
                                0x3b7 (size before relaxing)
 .debug_str     0x00001f12      0x188 Drivers\uart.o
                                0x34c (size before relaxing)
 .debug_str     0x0000209a      0x6af Drivers\ff.o
                                0x84f (size before relaxing)
 .debug_str     0x00002749      0x546 Drivers\SDHC.o
                                0x825 (size before relaxing)
 .debug_str     0x00002c8f       0x5a Drivers\lptmr.o
                                0x205 (size before relaxing)
 .debug_str     0x00002ce9       0x28 FEHProteus.o
                                0x251 (size before relaxing)
 .debug_str     0x00002d11       0x1f Drivers\FEHPropeller.o
                                0x392 (size before relaxing)
 .debug_str     0x00002d30       0xc0 Libraries\FEHUtility.o
                                0x1d6 (size before relaxing)
 .debug_str     0x00002df0      0xd51 Libraries\FEHIO.o
                               0x12a7 (size before relaxing)
 .debug_str     0x00003b41       0xd7 Drivers\adc16.o
                                0x296 (size before relaxing)
 .debug_str     0x00003c18      0x1ba Libraries\FEHBuzzer.o
                                0x3a8 (size before relaxing)
 .debug_str     0x00003dd2      0x245 Libraries\FEHServo.o
                               0x1108 (size before relaxing)
 .debug_str     0x00004017      0x2c3 Libraries\FEHLCD.o
                               0x1109 (size before relaxing)
 .debug_str     0x000042da       0x68 Libraries\FEHAccel.o
                                0x19a (size before relaxing)
 .debug_str     0x00004342       0x5d Libraries\FEHBattery.o
                                0x35b (size before relaxing)
 .debug_str     0x0000439f       0xf8 Drivers\FEHXBee.o
                                0x541 (size before relaxing)
 .debug_str     0x00004497      0x23e Libraries\FEHRPS.o
                               0x1602 (size before relaxing)
 .debug_str     0x000046d5       0x9c Libraries\FEHSD.o
                               0x1162 (size before relaxing)
 .debug_str     0x00004771       0x88 C:\fehqt\Proteus/EWL/lib/armv7e-m\libc.a(sprintf.o)
                                0x15a (size before relaxing)
 .debug_str     0x000047f9       0x83 C:\fehqt\Proteus/EWL/lib/armv7e-m\libc.a(vsnprintf.o)
                                0x1c3 (size before relaxing)
 .debug_str     0x0000487c       0x2e C:\fehqt\Proteus/EWL/lib/armv7e-m\libc.a(exit.o)
                                0x14e (size before relaxing)
 .debug_str     0x000048aa       0x1c C:\fehqt\Proteus/EWL/lib/armv7e-m\libc.a(memcpy.o)
                                0x138 (size before relaxing)
 .debug_str     0x000048c6       0x1c C:\fehqt\Proteus/EWL/lib/armv7e-m\libc.a(memset.o)
                                0x140 (size before relaxing)
 .debug_str     0x000048e2       0x24 C:\fehqt\Proteus/EWL/lib/armv7e-m\libc.a(strcpy.o)
                                0x139 (size before relaxing)
 .debug_str     0x00004906       0x1c C:\fehqt\Proteus/EWL/lib/armv7e-m\libc.a(strlen.o)
                                0x140 (size before relaxing)
 .debug_str     0x00004922      0x21a C:\fehqt\Proteus/EWL/lib/armv7e-m\libc.a(printformat_.o)
                                0x3aa (size before relaxing)
 .debug_str     0x00004b3c      0x17b C:\fehqt\Proteus/EWL/lib/armv7e-m\libc.a(scanformat_.o)
                                0x3f0 (size before relaxing)
 .debug_str     0x00004cb7       0x9d C:\fehqt\Proteus/EWL/lib/armv7e-m\libc.a(ctype_aeabi.o)
                                0x1b3 (size before relaxing)
 .debug_str     0x00004d54       0x55 C:\fehqt\Proteus/EWL/lib/armv7e-m\libc.a(__strtoul.o)
                                0x1f2 (size before relaxing)
 .debug_str     0x00004da9       0x25 C:\fehqt\Proteus/EWL/lib/armv7e-m\libc.a(__filll_mem.o)
                                0x152 (size before relaxing)
 .debug_str     0x00004dce       0x1c C:\fehqt\Proteus/EWL/lib/armv7e-m\libc.a(memchr.o)
                                0x148 (size before relaxing)
 .debug_str     0x00004dea       0x1c C:\fehqt\Proteus/EWL/lib/armv7e-m\libc.a(strchr.o)
                                0x137 (size before relaxing)
 .debug_str     0x00004e06      0x126 C:\fehqt\Proteus/EWL/lib/armv7e-m\librt.a(gcc_ctor_dtor.o)
                                0x185 (size before relaxing)
 .debug_str     0x00004f2c       0x96 C:\fehqt\Proteus/EWL/lib/armv7e-m\librt.a(ROMCopy.o)
                                0x140 (size before relaxing)
 .debug_str     0x00004fc2       0xf3 C:\fehqt\Proteus/EWL/lib/armv7e-m\librt.a(__arm_eabi_init.o)
                                0x1ac (size before relaxing)

.comment        0x00000000       0x79
 .comment       0x00000000       0x79 ..\main.o
                                 0x7a (size before relaxing)
 .comment       0x00000000       0x7a Startup\__arm_start.o
 .comment       0x00000000       0x7a Startup\__arm_end.o
 .comment       0x00000000       0x7a Startup\kinetis_sysinit.o
 .comment       0x00000000       0x7a Libraries\FEHMotor.o
 .comment       0x00000000       0x7a Drivers\i2c.o
 .comment       0x00000000       0x7a Drivers\spi.o
 .comment       0x00000000       0x7a Drivers\uart.o
 .comment       0x00000000       0x7a Drivers\ff.o
 .comment       0x00000000       0x7a Drivers\SDHC.o
 .comment       0x00000000       0x7a Drivers\lptmr.o
 .comment       0x00000000       0x7a FEHProteus.o
 .comment       0x00000000       0x7a Drivers\FEHPropeller.o
 .comment       0x00000000       0x7a Libraries\FEHUtility.o
 .comment       0x00000000       0x7a Libraries\FEHIO.o
 .comment       0x00000000       0x7a Drivers\adc16.o
 .comment       0x00000000       0x7a Libraries\FEHBuzzer.o
 .comment       0x00000000       0x7a Libraries\FEHServo.o
 .comment       0x00000000       0x7a Libraries\FEHLCD.o
 .comment       0x00000000       0x7a Libraries\FEHAccel.o
 .comment       0x00000000       0x7a Libraries\FEHBattery.o
 .comment       0x00000000       0x7a Drivers\FEHXBee.o
 .comment       0x00000000       0x7a Libraries\FEHRPS.o
 .comment       0x00000000       0x7a Libraries\FEHSD.o
 .comment       0x00000000       0x7a C:\fehqt\Proteus/EWL/lib/armv7e-m\libc.a(sprintf.o)
 .comment       0x00000000       0x7a C:\fehqt\Proteus/EWL/lib/armv7e-m\libc.a(vsnprintf.o)
 .comment       0x00000000       0x7a C:\fehqt\Proteus/EWL/lib/armv7e-m\libc.a(exit.o)
 .comment       0x00000000       0x7a C:\fehqt\Proteus/EWL/lib/armv7e-m\libc.a(memcpy.o)
 .comment       0x00000000       0x7a C:\fehqt\Proteus/EWL/lib/armv7e-m\libc.a(memset.o)
 .comment       0x00000000       0x7a C:\fehqt\Proteus/EWL/lib/armv7e-m\libc.a(strcpy.o)
 .comment       0x00000000       0x7a C:\fehqt\Proteus/EWL/lib/armv7e-m\libc.a(strlen.o)
 .comment       0x00000000       0x7a C:\fehqt\Proteus/EWL/lib/armv7e-m\libc.a(printformat_.o)
 .comment       0x00000000       0x7a C:\fehqt\Proteus/EWL/lib/armv7e-m\libc.a(scanformat_.o)
 .comment       0x00000000       0x7a C:\fehqt\Proteus/EWL/lib/armv7e-m\libc.a(ctype_aeabi.o)
 .comment       0x00000000       0x7a C:\fehqt\Proteus/EWL/lib/armv7e-m\libc.a(__strtoul.o)
 .comment       0x00000000       0x7a C:\fehqt\Proteus/EWL/lib/armv7e-m\libc.a(__filll_mem.o)
 .comment       0x00000000       0x7a C:\fehqt\Proteus/EWL/lib/armv7e-m\libc.a(memchr.o)
 .comment       0x00000000       0x7a C:\fehqt\Proteus/EWL/lib/armv7e-m\libc.a(strchr.o)
 .comment       0x00000000       0x7a C:\fehqt\Proteus/EWL/lib/armv7e-m\librt.a(gcc_ctor_dtor.o)
 .comment       0x00000000       0x7a C:\fehqt\Proteus/EWL/lib/armv7e-m\librt.a(ROMCopy.o)
 .comment       0x00000000       0x7a C:\fehqt\Proteus/EWL/lib/armv7e-m\librt.a(__arm_eabi_init.o)

.debug_frame    0x00000000     0x2d34
 .debug_frame   0x00000000      0x2e0 ..\main.o
 .debug_frame   0x000002e0       0x98 Startup\__arm_start.o
 .debug_frame   0x00000378       0x2c Startup\__arm_end.o
 .debug_frame   0x000003a4       0x5c Startup\kinetis_sysinit.o
 .debug_frame   0x00000400       0x94 Libraries\FEHMotor.o
 .debug_frame   0x00000494       0x88 Drivers\i2c.o
 .debug_frame   0x0000051c       0xf8 Drivers\spi.o
 .debug_frame   0x00000614       0x84 Drivers\uart.o
 .debug_frame   0x00000698      0x5e8 Drivers\ff.o
 .debug_frame   0x00000c80      0x1e8 Drivers\SDHC.o
 .debug_frame   0x00000e68       0x2c Drivers\lptmr.o
 .debug_frame   0x00000e94       0x4c FEHProteus.o
 .debug_frame   0x00000ee0       0xa8 Drivers\FEHPropeller.o
 .debug_frame   0x00000f88       0xf8 Libraries\FEHUtility.o
 .debug_frame   0x00001080      0x4e8 Libraries\FEHIO.o
 .debug_frame   0x00001568       0x64 Drivers\adc16.o
 .debug_frame   0x000015cc      0x1c8 Libraries\FEHBuzzer.o
 .debug_frame   0x00001794      0x12c Libraries\FEHServo.o
 .debug_frame   0x000018c0      0x9c0 Libraries\FEHLCD.o
 .debug_frame   0x00002280       0xd8 Libraries\FEHAccel.o
 .debug_frame   0x00002358       0x8c Libraries\FEHBattery.o
 .debug_frame   0x000023e4       0xfc Drivers\FEHXBee.o
 .debug_frame   0x000024e0      0x230 Libraries\FEHRPS.o
 .debug_frame   0x00002710      0x168 Libraries\FEHSD.o
 .debug_frame   0x00002878       0x34 C:\fehqt\Proteus/EWL/lib/armv7e-m\libc.a(sprintf.o)
 .debug_frame   0x000028ac       0x4c C:\fehqt\Proteus/EWL/lib/armv7e-m\libc.a(vsnprintf.o)
 .debug_frame   0x000028f8       0x28 C:\fehqt\Proteus/EWL/lib/armv7e-m\libc.a(exit.o)
 .debug_frame   0x00002920       0x28 C:\fehqt\Proteus/EWL/lib/armv7e-m\libc.a(memcpy.o)
 .debug_frame   0x00002948       0x28 C:\fehqt\Proteus/EWL/lib/armv7e-m\libc.a(memset.o)
 .debug_frame   0x00002970       0x28 C:\fehqt\Proteus/EWL/lib/armv7e-m\libc.a(strcpy.o)
 .debug_frame   0x00002998       0x20 C:\fehqt\Proteus/EWL/lib/armv7e-m\libc.a(strlen.o)
 .debug_frame   0x000029b8       0x64 C:\fehqt\Proteus/EWL/lib/armv7e-m\libc.a(printformat_.o)
 .debug_frame   0x00002a1c       0x3c C:\fehqt\Proteus/EWL/lib/armv7e-m\libc.a(scanformat_.o)
 .debug_frame   0x00002a58       0xf0 C:\fehqt\Proteus/EWL/lib/armv7e-m\libc.a(ctype_aeabi.o)
 .debug_frame   0x00002b48       0x3c C:\fehqt\Proteus/EWL/lib/armv7e-m\libc.a(__strtoul.o)
 .debug_frame   0x00002b84       0x2c C:\fehqt\Proteus/EWL/lib/armv7e-m\libc.a(__filll_mem.o)
 .debug_frame   0x00002bb0       0x28 C:\fehqt\Proteus/EWL/lib/armv7e-m\libc.a(memchr.o)
 .debug_frame   0x00002bd8       0x20 C:\fehqt\Proteus/EWL/lib/armv7e-m\libc.a(strchr.o)
 .debug_frame   0x00002bf8       0x48 C:\fehqt\Proteus/EWL/lib/armv7e-m\librt.a(gcc_ctor_dtor.o)
 .debug_frame   0x00002c40       0x48 C:\fehqt\Proteus/EWL/lib/armv7e-m\librt.a(ROMCopy.o)
 .debug_frame   0x00002c88       0xac C:\fehqt\Proteus/EWL/lib/armv7e-m\librt.a(__arm_eabi_init.o)
